Mar 28 17:38:22 ip-172-31-21-92 kernel: Command line: BOOT_IMAGE=(hd0,gpt1)/boot/vmlinuz-6.1.130-139.222.amzn2023.x86_64 root=UUID=240a5616-1f83-469c-9e9a-8889d7b416ff ro console=tty0 console=ttyS0,115200n8 nvme_core.io_timeout=4294967295 rd.emergency=poweroff rd.shell=0 selinux=1 security=selinux quiet
Mar 28 17:38:22 ip-172-31-21-92 kernel: KASLR enabled
Mar 28 17:38:22 ip-172-31-21-92 kernel: BIOS-provided physical RAM map:
Mar 28 17:38:22 ip-172-31-21-92 kernel: BIOS-e820: [mem 0x0000000000000000-0x000000000009ffff] usable
Mar 28 17:38:22 ip-172-31-21-92 kernel: BIOS-e820: [mem 0x0000000000100000-0x00000000390cdfff] usable
Mar 28 17:38:22 ip-172-31-21-92 kernel: BIOS-e820: [mem 0x00000000390ce000-0x000000003934dfff] reserved
Mar 28 17:38:22 ip-172-31-21-92 kernel: BIOS-e820: [mem 0x000000003934e000-0x000000003935dfff] ACPI data
Mar 28 17:38:22 ip-172-31-21-92 kernel: BIOS-e820: [mem 0x000000003935e000-0x00000000393ddfff] ACPI NVS
Mar 28 17:38:22 ip-172-31-21-92 kernel: BIOS-e820: [mem 0x00000000393de000-0x000000003d37bfff] usable
Mar 28 17:38:22 ip-172-31-21-92 kernel: BIOS-e820: [mem 0x000000003d37c000-0x000000003d3fffff] reserved
Mar 28 17:38:22 ip-172-31-21-92 kernel: NX (Execute Disable) protection: active
Mar 28 17:38:22 ip-172-31-21-92 kernel: extended physical RAM map:
Mar 28 17:38:22 ip-172-31-21-92 kernel: reserve setup_data: [mem 0x0000000000000000-0x000000000009ffff] usable
Mar 28 17:38:22 ip-172-31-21-92 kernel: reserve setup_data: [mem 0x0000000000100000-0x00000000372be017] usable
Mar 28 17:38:22 ip-172-31-21-92 kernel: reserve setup_data: [mem 0x00000000372be018-0x00000000372c6e57] usable
Mar 28 17:38:22 ip-172-31-21-92 kernel: reserve setup_data: [mem 0x00000000372c6e58-0x00000000390cdfff] usable
Mar 28 17:38:22 ip-172-31-21-92 kernel: reserve setup_data: [mem 0x00000000390ce000-0x000000003934dfff] reserved
Mar 28 17:38:22 ip-172-31-21-92 kernel: reserve setup_data: [mem 0x000000003934e000-0x000000003935dfff] ACPI data
Mar 28 17:38:22 ip-172-31-21-92 kernel: reserve setup_data: [mem 0x000000003935e000-0x00000000393ddfff] ACPI NVS
Mar 28 17:38:22 ip-172-31-21-92 kernel: reserve setup_data: [mem 0x00000000393de000-0x000000003d37bfff] usable
Mar 28 17:38:22 ip-172-31-21-92 kernel: reserve setup_data: [mem 0x000000003d37c000-0x000000003d3fffff] reserved
Mar 28 17:38:22 ip-172-31-21-92 kernel: efi: EFI v2.70 by EDK II
Mar 28 17:38:22 ip-172-31-21-92 kernel: efi: SMBIOS=0x3926a000 ACPI=0x3935d000 ACPI 2.0=0x3935d014 MEMATTR=0x37a3ca98 
Mar 28 17:38:22 ip-172-31-21-92 kernel: SMBIOS 2.7 present.
Mar 28 17:38:22 ip-172-31-21-92 kernel: DMI: Amazon EC2 t3.micro/, BIOS 1.0 10/16/2017
Mar 28 17:38:22 ip-172-31-21-92 kernel: Hypervisor detected: KVM
Mar 28 17:38:22 ip-172-31-21-92 kernel: kvm-clock: Using msrs 4b564d01 and 4b564d00
Mar 28 17:38:22 ip-172-31-21-92 kernel: kvm-clock: using sched offset of 2125214665 cycles
Mar 28 17:38:22 ip-172-31-21-92 kernel: clocksource: kvm-clock: mask: 0xffffffffffffffff max_cycles: 0x1cd42e4dffb, max_idle_ns: 881590591483 ns
Mar 28 17:38:22 ip-172-31-21-92 kernel: tsc: Detected 2500.004 MHz processor
Mar 28 17:38:22 ip-172-31-21-92 kernel: last_pfn = 0x3d37c max_arch_pfn = 0x400000000
Mar 28 17:38:22 ip-172-31-21-92 kernel: x86/PAT: Configuration [0-7]: WB  WC  UC- UC  WB  WP  UC- WT  
Mar 28 17:38:22 ip-172-31-21-92 kernel: Using GB pages for direct mapping
Mar 28 17:38:22 ip-172-31-21-92 kernel: Secure boot disabled
Mar 28 17:38:22 ip-172-31-21-92 kernel: RAMDISK: [mem 0x33191000-0x340e9fff]
Mar 28 17:38:22 ip-172-31-21-92 kernel: ACPI: Early table checksum verification disabled
Mar 28 17:38:22 ip-172-31-21-92 kernel: ACPI: RSDP 0x000000003935D014 000024 (v02 AMAZON)
Mar 28 17:38:22 ip-172-31-21-92 kernel: ACPI: XSDT 0x000000003935C0E8 00006C (v01 AMAZON AMZNFACP 00000001      01000013)
Mar 28 17:38:22 ip-172-31-21-92 kernel: ACPI: FACP 0x0000000039355000 000114 (v01 AMAZON AMZNFACP 00000001 AMZN 00000001)
Mar 28 17:38:22 ip-172-31-21-92 kernel: ACPI: DSDT 0x0000000039356000 00115A (v01 AMAZON AMZNDSDT 00000001 AMZN 00000001)
Mar 28 17:38:22 ip-172-31-21-92 kernel: ACPI: FACS 0x00000000393D0000 000040
Mar 28 17:38:22 ip-172-31-21-92 kernel: ACPI: WAET 0x000000003935B000 000028 (v01 AMAZON AMZNWAET 00000001 AMZN 00000001)
Mar 28 17:38:22 ip-172-31-21-92 kernel: ACPI: SLIT 0x000000003935A000 00006C (v01 AMAZON AMZNSLIT 00000001 AMZN 00000001)
Mar 28 17:38:22 ip-172-31-21-92 kernel: ACPI: APIC 0x0000000039359000 000076 (v01 AMAZON AMZNAPIC 00000001 AMZN 00000001)
Mar 28 17:38:22 ip-172-31-21-92 kernel: ACPI: SRAT 0x0000000039358000 0000A0 (v01 AMAZON AMZNSRAT 00000001 AMZN 00000001)
Mar 28 17:38:22 ip-172-31-21-92 kernel: ACPI: HPET 0x0000000039354000 000038 (v01 AMAZON AMZNHPET 00000001 AMZN 00000001)
Mar 28 17:38:22 ip-172-31-21-92 kernel: ACPI: SSDT 0x0000000039353000 000759 (v01 AMAZON AMZNSSDT 00000001 AMZN 00000001)
Mar 28 17:38:22 ip-172-31-21-92 kernel: ACPI: SSDT 0x0000000039352000 00007F (v01 AMAZON AMZNSSDT 00000001 AMZN 00000001)
Mar 28 17:38:22 ip-172-31-21-92 kernel: ACPI: BGRT 0x0000000039351000 000038 (v01 AMAZON AMAZON   00000002      01000013)
Mar 28 17:38:22 ip-172-31-21-92 kernel: ACPI: Reserving FACP table memory at [mem 0x39355000-0x39355113]
Mar 28 17:38:22 ip-172-31-21-92 kernel: ACPI: Reserving DSDT table memory at [mem 0x39356000-0x39357159]
Mar 28 17:38:22 ip-172-31-21-92 kernel: ACPI: Reserving FACS table memory at [mem 0x393d0000-0x393d003f]
Mar 28 17:38:22 ip-172-31-21-92 kernel: ACPI: Reserving WAET table memory at [mem 0x3935b000-0x3935b027]
Mar 28 17:38:22 ip-172-31-21-92 kernel: ACPI: Reserving SLIT table memory at [mem 0x3935a000-0x3935a06b]
Mar 28 17:38:22 ip-172-31-21-92 kernel: ACPI: Reserving APIC table memory at [mem 0x39359000-0x39359075]
Mar 28 17:38:22 ip-172-31-21-92 kernel: ACPI: Reserving SRAT table memory at [mem 0x39358000-0x3935809f]
Mar 28 17:38:22 ip-172-31-21-92 kernel: ACPI: Reserving HPET table memory at [mem 0x39354000-0x39354037]
Mar 28 17:38:22 ip-172-31-21-92 kernel: ACPI: Reserving SSDT table memory at [mem 0x39353000-0x39353758]
Mar 28 17:38:22 ip-172-31-21-92 kernel: ACPI: Reserving SSDT table memory at [mem 0x39352000-0x3935207e]
Mar 28 17:38:22 ip-172-31-21-92 kernel: ACPI: Reserving BGRT table memory at [mem 0x39351000-0x39351037]
Mar 28 17:38:22 ip-172-31-21-92 kernel: SRAT: PXM 0 -> APIC 0x00 -> Node 0
Mar 28 17:38:22 ip-172-31-21-92 kernel: SRAT: PXM 0 -> APIC 0x01 -> Node 0
Mar 28 17:38:22 ip-172-31-21-92 kernel: ACPI: SRAT: Node 0 PXM 0 [mem 0x00000000-0x3fffffff]
Mar 28 17:38:22 ip-172-31-21-92 kernel: NODE_DATA(0) allocated [mem 0x3b2ca000-0x3b2f4fff]
Mar 28 17:38:22 ip-172-31-21-92 kernel: Zone ranges:
Mar 28 17:38:22 ip-172-31-21-92 kernel:  DMA      [mem 0x0000000000001000-0x0000000000ffffff]
Mar 28 17:38:22 ip-172-31-21-92 kernel:  DMA32    [mem 0x0000000001000000-0x000000003d37bfff]
Mar 28 17:38:22 ip-172-31-21-92 kernel:  Normal   empty
Mar 28 17:38:22 ip-172-31-21-92 kernel:  Device   empty
Mar 28 17:38:22 ip-172-31-21-92 kernel: Movable zone start for each node
Mar 28 17:38:22 ip-172-31-21-92 kernel: Early memory node ranges
Mar 28 17:38:22 ip-172-31-21-92 kernel:  node   0: [mem 0x0000000000001000-0x000000000009ffff]
Mar 28 17:38:22 ip-172-31-21-92 kernel:  node   0: [mem 0x0000000000100000-0x00000000390cdfff]
Mar 28 17:38:22 ip-172-31-21-92 kernel:  node   0: [mem 0x00000000393de000-0x000000003d37bfff]
Mar 28 17:38:22 ip-172-31-21-92 kernel: Initmem setup node 0 [mem 0x0000000000001000-0x000000003d37bfff]
Mar 28 17:38:22 ip-172-31-21-92 kernel: On node 0, zone DMA: 1 pages in unavailable ranges
Mar 28 17:38:22 ip-172-31-21-92 kernel: On node 0, zone DMA: 96 pages in unavailable ranges
Mar 28 17:38:22 ip-172-31-21-92 kernel: On node 0, zone DMA32: 784 pages in unavailable ranges
Mar 28 17:38:22 ip-172-31-21-92 kernel: On node 0, zone DMA32: 11396 pages in unavailable ranges
Mar 28 17:38:22 ip-172-31-21-92 kernel: ACPI: PM-Timer IO Port: 0xb008
Mar 28 17:38:22 ip-172-31-21-92 kernel: ACPI: LAPIC_NMI (acpi_id[0xff] dfl dfl lint[0x1])
Mar 28 17:38:22 ip-172-31-21-92 kernel: IOAPIC[0]: apic_id 0, version 32, address 0xfec00000, GSI 0-23
Mar 28 17:38:22 ip-172-31-21-92 kernel: ACPI: INT_SRC_OVR (bus 0 bus_irq 5 global_irq 5 high level)
Mar 28 17:38:22 ip-172-31-21-92 kernel: ACPI: INT_SRC_OVR (bus 0 bus_irq 9 global_irq 9 high level)
Mar 28 17:38:22 ip-172-31-21-92 kernel: ACPI: INT_SRC_OVR (bus 0 bus_irq 10 global_irq 10 high level)
Mar 28 17:38:22 ip-172-31-21-92 kernel: ACPI: INT_SRC_OVR (bus 0 bus_irq 11 global_irq 11 high level)
Mar 28 17:38:22 ip-172-31-21-92 kernel: ACPI: Using ACPI (MADT) for SMP configuration information
Mar 28 17:38:22 ip-172-31-21-92 kernel: ACPI: HPET id: 0x8086a201 base: 0xfed00000
Mar 28 17:38:22 ip-172-31-21-92 kernel: TSC deadline timer available
Mar 28 17:38:22 ip-172-31-21-92 kernel: smpboot: Allowing 2 CPUs, 0 hotplug CPUs
Mar 28 17:38:22 ip-172-31-21-92 kernel: PM: hibernation: Registered nosave memory: [mem 0x00000000-0x00000fff]
Mar 28 17:38:22 ip-172-31-21-92 kernel: PM: hibernation: Registered nosave memory: [mem 0x000a0000-0x000fffff]
Mar 28 17:38:22 ip-172-31-21-92 kernel: PM: hibernation: Registered nosave memory: [mem 0x372be000-0x372befff]
Mar 28 17:38:22 ip-172-31-21-92 kernel: PM: hibernation: Registered nosave memory: [mem 0x372c6000-0x372c6fff]
Mar 28 17:38:22 ip-172-31-21-92 kernel: PM: hibernation: Registered nosave memory: [mem 0x390ce000-0x3934dfff]
Mar 28 17:38:22 ip-172-31-21-92 kernel: PM: hibernation: Registered nosave memory: [mem 0x3934e000-0x3935dfff]
Mar 28 17:38:22 ip-172-31-21-92 kernel: PM: hibernation: Registered nosave memory: [mem 0x3935e000-0x393ddfff]
Mar 28 17:38:22 ip-172-31-21-92 kernel: [mem 0x3d400000-0xffffffff] available for PCI devices
Mar 28 17:38:22 ip-172-31-21-92 kernel: Booting paravirtualized kernel on KVM
Mar 28 17:38:22 ip-172-31-21-92 kernel: clocksource: refined-jiffies: mask: 0xffffffff max_cycles: 0xffffffff, max_idle_ns: 19112604462750000 ns
Mar 28 17:38:22 ip-172-31-21-92 kernel: setup_percpu: NR_CPUS:8192 nr_cpumask_bits:2 nr_cpu_ids:2 nr_node_ids:1
Mar 28 17:38:22 ip-172-31-21-92 kernel: percpu: Embedded 60 pages/cpu s208896 r8192 d28672 u1048576
Mar 28 17:38:22 ip-172-31-21-92 kernel: kvm-guest: PV spinlocks enabled
Mar 28 17:38:22 ip-172-31-21-92 kernel: PV qspinlock hash table entries: 256 (order: 0, 4096 bytes, linear)
Mar 28 17:38:22 ip-172-31-21-92 kernel: Fallback order for Node 0: 0 
Mar 28 17:38:22 ip-172-31-21-92 kernel: Built 1 zonelists, mobility grouping on.  Total pages: 245790
Mar 28 17:38:22 ip-172-31-21-92 kernel: Policy zone: DMA32
Mar 28 17:38:22 ip-172-31-21-92 kernel: Kernel command line: BOOT_IMAGE=(hd0,gpt1)/boot/vmlinuz-6.1.130-139.222.amzn2023.x86_64 root=UUID=240a5616-1f83-469c-9e9a-8889d7b416ff ro console=tty0 console=ttyS0,115200n8 nvme_core.io_timeout=4294967295 rd.emergency=poweroff rd.shell=0 selinux=1 security=selinux quiet
Mar 28 17:38:22 ip-172-31-21-92 kernel: Unknown kernel command line parameters "BOOT_IMAGE=(hd0,gpt1)/boot/vmlinuz-6.1.130-139.222.amzn2023.x86_64", will be passed to user space.
Mar 28 17:38:22 ip-172-31-21-92 kernel: random: crng init done
Mar 28 17:38:22 ip-172-31-21-92 kernel: Dentry cache hash table entries: 131072 (order: 8, 1048576 bytes, linear)
Mar 28 17:38:22 ip-172-31-21-92 kernel: Inode-cache hash table entries: 65536 (order: 7, 524288 bytes, linear)
Mar 28 17:38:22 ip-172-31-21-92 kernel: mem auto-init: stack:off, heap alloc:off, heap free:off
Mar 28 17:38:22 ip-172-31-21-92 kernel: Memory: 199368K/999468K available (14346K kernel code, 9289K rwdata, 8840K rodata, 2436K init, 18748K bss, 141236K reserved, 0K cma-reserved)
Mar 28 17:38:22 ip-172-31-21-92 kernel: SLUB: HWalign=64, Order=0-3, MinObjects=0, CPUs=2, Nodes=1
Mar 28 17:38:22 ip-172-31-21-92 kernel: Kernel/User page tables isolation: enabled
Mar 28 17:38:22 ip-172-31-21-92 kernel: ftrace: allocating 41478 entries in 163 pages
Mar 28 17:38:22 ip-172-31-21-92 kernel: ftrace: allocated 163 pages with 4 groups
Mar 28 17:38:22 ip-172-31-21-92 kernel: Dynamic Preempt: none
Mar 28 17:38:22 ip-172-31-21-92 kernel: rcu: Preemptible hierarchical RCU implementation.
Mar 28 17:38:22 ip-172-31-21-92 kernel: rcu: #011RCU restricting CPUs from NR_CPUS=8192 to nr_cpu_ids=2.
Mar 28 17:38:22 ip-172-31-21-92 kernel: #011Trampoline variant of Tasks RCU enabled.
Mar 28 17:38:22 ip-172-31-21-92 kernel: #011Rude variant of Tasks RCU enabled.
Mar 28 17:38:22 ip-172-31-21-92 kernel: #011Tracing variant of Tasks RCU enabled.
Mar 28 17:38:22 ip-172-31-21-92 kernel: rcu: RCU calculated value of scheduler-enlistment delay is 10 jiffies.
Mar 28 17:38:22 ip-172-31-21-92 kernel: rcu: Adjusting geometry for rcu_fanout_leaf=16, nr_cpu_ids=2
Mar 28 17:38:22 ip-172-31-21-92 kernel: NR_IRQS: 524544, nr_irqs: 440, preallocated irqs: 16
Mar 28 17:38:22 ip-172-31-21-92 kernel: rcu: srcu_init: Setting srcu_struct sizes based on contention.
Mar 28 17:38:22 ip-172-31-21-92 kernel: Console: colour dummy device 80x25
Mar 28 17:38:22 ip-172-31-21-92 kernel: printk: console [tty0] enabled
Mar 28 17:38:22 ip-172-31-21-92 kernel: printk: console [ttyS0] enabled
Mar 28 17:38:22 ip-172-31-21-92 kernel: ACPI: Core revision 20220331
Mar 28 17:38:22 ip-172-31-21-92 kernel: clocksource: hpet: mask: 0xffffffff max_cycles: 0xffffffff, max_idle_ns: 30580167144 ns
Mar 28 17:38:22 ip-172-31-21-92 kernel: APIC: Switch to symmetric I/O mode setup
Mar 28 17:38:22 ip-172-31-21-92 kernel: x2apic enabled
Mar 28 17:38:22 ip-172-31-21-92 kernel: Switched APIC routing to physical x2apic.
Mar 28 17:38:22 ip-172-31-21-92 kernel: clocksource: tsc-early: mask: 0xffffffffffffffff max_cycles: 0x24093d6e846, max_idle_ns: 440795249997 ns
Mar 28 17:38:22 ip-172-31-21-92 kernel: Calibrating delay loop (skipped) preset value.. 5000.00 BogoMIPS (lpj=25000040)
Mar 28 17:38:22 ip-172-31-21-92 kernel: Last level iTLB entries: 4KB 64, 2MB 8, 4MB 8
Mar 28 17:38:22 ip-172-31-21-92 kernel: Last level dTLB entries: 4KB 64, 2MB 0, 4MB 0, 1GB 4
Mar 28 17:38:22 ip-172-31-21-92 kernel: Spectre V1 : Mitigation: usercopy/swapgs barriers and __user pointer sanitization
Mar 28 17:38:22 ip-172-31-21-92 kernel: Spectre V2 : Mitigation: Retpolines
Mar 28 17:38:22 ip-172-31-21-92 kernel: Spectre V2 : Spectre v2 / SpectreRSB mitigation: Filling RSB on context switch
Mar 28 17:38:22 ip-172-31-21-92 kernel: Spectre V2 : Spectre v2 / SpectreRSB : Filling RSB on VMEXIT
Mar 28 17:38:22 ip-172-31-21-92 kernel: RETBleed: WARNING: Spectre v2 mitigation leaves CPU vulnerable to RETBleed attacks, data leaks possible!
Mar 28 17:38:22 ip-172-31-21-92 kernel: RETBleed: Vulnerable
Mar 28 17:38:22 ip-172-31-21-92 kernel: Speculative Store Bypass: Vulnerable
Mar 28 17:38:22 ip-172-31-21-92 kernel: MDS: Vulnerable: Clear CPU buffers attempted, no microcode
Mar 28 17:38:22 ip-172-31-21-92 kernel: MMIO Stale Data: Vulnerable: Clear CPU buffers attempted, no microcode
Mar 28 17:38:22 ip-172-31-21-92 kernel: GDS: Unknown: Dependent on hypervisor status
Mar 28 17:38:22 ip-172-31-21-92 kernel: x86/fpu: Supporting XSAVE feature 0x001: 'x87 floating point registers'
Mar 28 17:38:22 ip-172-31-21-92 kernel: x86/fpu: Supporting XSAVE feature 0x002: 'SSE registers'
Mar 28 17:38:22 ip-172-31-21-92 kernel: x86/fpu: Supporting XSAVE feature 0x004: 'AVX registers'
Mar 28 17:38:22 ip-172-31-21-92 kernel: x86/fpu: Supporting XSAVE feature 0x008: 'MPX bounds registers'
Mar 28 17:38:22 ip-172-31-21-92 kernel: x86/fpu: Supporting XSAVE feature 0x010: 'MPX CSR'
Mar 28 17:38:22 ip-172-31-21-92 kernel: x86/fpu: Supporting XSAVE feature 0x020: 'AVX-512 opmask'
Mar 28 17:38:22 ip-172-31-21-92 kernel: x86/fpu: Supporting XSAVE feature 0x040: 'AVX-512 Hi256'
Mar 28 17:38:22 ip-172-31-21-92 kernel: x86/fpu: Supporting XSAVE feature 0x080: 'AVX-512 ZMM_Hi256'
Mar 28 17:38:22 ip-172-31-21-92 kernel: x86/fpu: Supporting XSAVE feature 0x200: 'Protection Keys User registers'
Mar 28 17:38:22 ip-172-31-21-92 kernel: x86/fpu: xstate_offset[2]:  576, xstate_sizes[2]:  256
Mar 28 17:38:22 ip-172-31-21-92 kernel: x86/fpu: xstate_offset[3]:  832, xstate_sizes[3]:   64
Mar 28 17:38:22 ip-172-31-21-92 kernel: x86/fpu: xstate_offset[4]:  896, xstate_sizes[4]:   64
Mar 28 17:38:22 ip-172-31-21-92 kernel: x86/fpu: xstate_offset[5]:  960, xstate_sizes[5]:   64
Mar 28 17:38:22 ip-172-31-21-92 kernel: x86/fpu: xstate_offset[6]: 1024, xstate_sizes[6]:  512
Mar 28 17:38:22 ip-172-31-21-92 kernel: x86/fpu: xstate_offset[7]: 1536, xstate_sizes[7]: 1024
Mar 28 17:38:22 ip-172-31-21-92 kernel: x86/fpu: xstate_offset[9]: 2560, xstate_sizes[9]:    8
Mar 28 17:38:22 ip-172-31-21-92 kernel: x86/fpu: Enabled xstate features 0x2ff, context size is 2568 bytes, using 'compacted' format.
Mar 28 17:38:22 ip-172-31-21-92 kernel: Freeing SMP alternatives memory: 32K
Mar 28 17:38:22 ip-172-31-21-92 kernel: pid_max: default: 32768 minimum: 301
Mar 28 17:38:22 ip-172-31-21-92 kernel: LSM: Security Framework initializing
Mar 28 17:38:22 ip-172-31-21-92 kernel: Yama: becoming mindful.
Mar 28 17:38:22 ip-172-31-21-92 kernel: SELinux:  Initializing.
Mar 28 17:38:22 ip-172-31-21-92 kernel: LSM support for eBPF active
Mar 28 17:38:22 ip-172-31-21-92 kernel: Mount-cache hash table entries: 2048 (order: 2, 16384 bytes, linear)
Mar 28 17:38:22 ip-172-31-21-92 kernel: Mountpoint-cache hash table entries: 2048 (order: 2, 16384 bytes, linear)
Mar 28 17:38:22 ip-172-31-21-92 kernel: smpboot: CPU0: Intel(R) Xeon(R) Platinum 8259CL CPU @ 2.50GHz (family: 0x6, model: 0x55, stepping: 0x7)
Mar 28 17:38:22 ip-172-31-21-92 kernel: cblist_init_generic: Setting adjustable number of callback queues.
Mar 28 17:38:22 ip-172-31-21-92 kernel: cblist_init_generic: Setting shift to 1 and lim to 1.
Mar 28 17:38:22 ip-172-31-21-92 kernel: cblist_init_generic: Setting adjustable number of callback queues.
Mar 28 17:38:22 ip-172-31-21-92 kernel: cblist_init_generic: Setting shift to 1 and lim to 1.
Mar 28 17:38:22 ip-172-31-21-92 kernel: cblist_init_generic: Setting adjustable number of callback queues.
Mar 28 17:38:22 ip-172-31-21-92 kernel: cblist_init_generic: Setting shift to 1 and lim to 1.
Mar 28 17:38:22 ip-172-31-21-92 kernel: Performance Events: unsupported p6 CPU model 85 no PMU driver, software events only.
Mar 28 17:38:22 ip-172-31-21-92 kernel: signal: max sigframe size: 3632
Mar 28 17:38:22 ip-172-31-21-92 kernel: rcu: Hierarchical SRCU implementation.
Mar 28 17:38:22 ip-172-31-21-92 kernel: rcu: #011Max phase no-delay instances is 1000.
Mar 28 17:38:22 ip-172-31-21-92 kernel: smp: Bringing up secondary CPUs ...
Mar 28 17:38:22 ip-172-31-21-92 kernel: x86: Booting SMP configuration:
Mar 28 17:38:22 ip-172-31-21-92 kernel: .... node  #0, CPUs:      #1
Mar 28 17:38:22 ip-172-31-21-92 kernel: MDS CPU bug present and SMT on, data leak possible. See https://www.kernel.org/doc/html/latest/admin-guide/hw-vuln/mds.html for more details.
Mar 28 17:38:22 ip-172-31-21-92 kernel: MMIO Stale Data CPU bug present and SMT on, data leak possible. See https://www.kernel.org/doc/html/latest/admin-guide/hw-vuln/processor_mmio_stale_data.html for more details.
Mar 28 17:38:22 ip-172-31-21-92 kernel: smp: Brought up 1 node, 2 CPUs
Mar 28 17:38:22 ip-172-31-21-92 kernel: smpboot: Max logical packages: 1
Mar 28 17:38:22 ip-172-31-21-92 kernel: smpboot: Total of 2 processors activated (10000.01 BogoMIPS)
Mar 28 17:38:22 ip-172-31-21-92 kernel: node 0 deferred pages initialised in 0ms
Mar 28 17:38:22 ip-172-31-21-92 kernel: devtmpfs: initialized
Mar 28 17:38:22 ip-172-31-21-92 kernel: x86/mm: Memory block size: 128MB
Mar 28 17:38:22 ip-172-31-21-92 kernel: ACPI: PM: Registering ACPI NVS region [mem 0x3935e000-0x393ddfff] (524288 bytes)
Mar 28 17:38:22 ip-172-31-21-92 kernel: clocksource: jiffies: mask: 0xffffffff max_cycles: 0xffffffff, max_idle_ns: 19112604462750000 ns
Mar 28 17:38:22 ip-172-31-21-92 kernel: futex hash table entries: 512 (order: 3, 32768 bytes, linear)
Mar 28 17:38:22 ip-172-31-21-92 kernel: NET: Registered PF_NETLINK/PF_ROUTE protocol family
Mar 28 17:38:22 ip-172-31-21-92 kernel: DMA: preallocated 128 KiB GFP_KERNEL pool for atomic allocations
Mar 28 17:38:22 ip-172-31-21-92 kernel: DMA: preallocated 128 KiB GFP_KERNEL|GFP_DMA pool for atomic allocations
Mar 28 17:38:22 ip-172-31-21-92 kernel: DMA: preallocated 128 KiB GFP_KERNEL|GFP_DMA32 pool for atomic allocations
Mar 28 17:38:22 ip-172-31-21-92 kernel: audit: initializing netlink subsys (disabled)
Mar 28 17:38:22 ip-172-31-21-92 kernel: audit: type=2000 audit(1743183503.260:1): state=initialized audit_enabled=0 res=1
Mar 28 17:38:22 ip-172-31-21-92 kernel: thermal_sys: Registered thermal governor 'fair_share'
Mar 28 17:38:22 ip-172-31-21-92 kernel: thermal_sys: Registered thermal governor 'step_wise'
Mar 28 17:38:22 ip-172-31-21-92 kernel: thermal_sys: Registered thermal governor 'user_space'
Mar 28 17:38:22 ip-172-31-21-92 kernel: cpuidle: using governor ladder
Mar 28 17:38:22 ip-172-31-21-92 kernel: cpuidle: using governor menu
Mar 28 17:38:22 ip-172-31-21-92 kernel: acpiphp: ACPI Hot Plug PCI Controller Driver version: 0.5
Mar 28 17:38:22 ip-172-31-21-92 kernel: PCI: Using configuration type 1 for base access
Mar 28 17:38:22 ip-172-31-21-92 kernel: kprobes: kprobe jump-optimization is enabled. All kprobes are optimized if possible.
Mar 28 17:38:22 ip-172-31-21-92 kernel: HugeTLB: registered 1.00 GiB page size, pre-allocated 0 pages
Mar 28 17:38:22 ip-172-31-21-92 kernel: HugeTLB: 16380 KiB vmemmap can be freed for a 1.00 GiB page
Mar 28 17:38:22 ip-172-31-21-92 kernel: HugeTLB: registered 2.00 MiB page size, pre-allocated 0 pages
Mar 28 17:38:22 ip-172-31-21-92 kernel: HugeTLB: 28 KiB vmemmap can be freed for a 2.00 MiB page
Mar 28 17:38:22 ip-172-31-21-92 kernel: cryptd: max_cpu_qlen set to 1000
Mar 28 17:38:22 ip-172-31-21-92 kernel: ACPI: Added _OSI(Module Device)
Mar 28 17:38:22 ip-172-31-21-92 kernel: ACPI: Added _OSI(Processor Device)
Mar 28 17:38:22 ip-172-31-21-92 kernel: ACPI: Added _OSI(3.0 _SCP Extensions)
Mar 28 17:38:22 ip-172-31-21-92 kernel: ACPI: Added _OSI(Processor Aggregator Device)
Mar 28 17:38:22 ip-172-31-21-92 kernel: ACPI: 3 ACPI AML tables successfully acquired and loaded
Mar 28 17:38:22 ip-172-31-21-92 kernel: ACPI: Interpreter enabled
Mar 28 17:38:22 ip-172-31-21-92 kernel: ACPI: PM: (supports S0 S4 S5)
Mar 28 17:38:22 ip-172-31-21-92 kernel: ACPI: Using IOAPIC for interrupt routing
Mar 28 17:38:22 ip-172-31-21-92 kernel: PCI: Using host bridge windows from ACPI; if necessary, use "pci=nocrs" and report a bug
Mar 28 17:38:22 ip-172-31-21-92 kernel: PCI: Using E820 reservations for host bridge windows
Mar 28 17:38:22 ip-172-31-21-92 kernel: ACPI: Enabled 2 GPEs in block 00 to 0F
Mar 28 17:38:22 ip-172-31-21-92 kernel: ACPI: PCI Root Bridge [PCI0] (domain 0000 [bus 00-ff])
Mar 28 17:38:22 ip-172-31-21-92 kernel: acpi PNP0A03:00: _OSC: OS supports [ASPM ClockPM Segments MSI HPX-Type3]
Mar 28 17:38:22 ip-172-31-21-92 kernel: acpi PNP0A03:00: _OSC: not requesting OS control; OS requires [ExtendedConfig ASPM ClockPM MSI]
Mar 28 17:38:22 ip-172-31-21-92 kernel: acpi PNP0A03:00: fail to add MMCONFIG information, can't access extended PCI configuration space under this bridge.
Mar 28 17:38:22 ip-172-31-21-92 kernel: acpiphp: Slot [3] registered
Mar 28 17:38:22 ip-172-31-21-92 kernel: acpiphp: Slot [4] registered
Mar 28 17:38:22 ip-172-31-21-92 kernel: acpiphp: Slot [5] registered
Mar 28 17:38:22 ip-172-31-21-92 kernel: acpiphp: Slot [6] registered
Mar 28 17:38:22 ip-172-31-21-92 kernel: acpiphp: Slot [7] registered
Mar 28 17:38:22 ip-172-31-21-92 kernel: acpiphp: Slot [8] registered
Mar 28 17:38:22 ip-172-31-21-92 kernel: acpiphp: Slot [9] registered
Mar 28 17:38:22 ip-172-31-21-92 kernel: acpiphp: Slot [10] registered
Mar 28 17:38:22 ip-172-31-21-92 kernel: acpiphp: Slot [11] registered
Mar 28 17:38:22 ip-172-31-21-92 kernel: acpiphp: Slot [12] registered
Mar 28 17:38:22 ip-172-31-21-92 kernel: acpiphp: Slot [13] registered
Mar 28 17:38:22 ip-172-31-21-92 kernel: acpiphp: Slot [14] registered
Mar 28 17:38:22 ip-172-31-21-92 kernel: acpiphp: Slot [15] registered
Mar 28 17:38:22 ip-172-31-21-92 kernel: acpiphp: Slot [16] registered
Mar 28 17:38:22 ip-172-31-21-92 kernel: acpiphp: Slot [17] registered
Mar 28 17:38:22 ip-172-31-21-92 kernel: acpiphp: Slot [18] registered
Mar 28 17:38:22 ip-172-31-21-92 kernel: acpiphp: Slot [19] registered
Mar 28 17:38:22 ip-172-31-21-92 kernel: acpiphp: Slot [20] registered
Mar 28 17:38:22 ip-172-31-21-92 kernel: acpiphp: Slot [21] registered
Mar 28 17:38:22 ip-172-31-21-92 kernel: acpiphp: Slot [22] registered
Mar 28 17:38:22 ip-172-31-21-92 kernel: acpiphp: Slot [23] registered
Mar 28 17:38:22 ip-172-31-21-92 kernel: acpiphp: Slot [24] registered
Mar 28 17:38:22 ip-172-31-21-92 kernel: acpiphp: Slot [25] registered
Mar 28 17:38:22 ip-172-31-21-92 kernel: acpiphp: Slot [26] registered
Mar 28 17:38:22 ip-172-31-21-92 kernel: acpiphp: Slot [27] registered
Mar 28 17:38:22 ip-172-31-21-92 kernel: acpiphp: Slot [28] registered
Mar 28 17:38:22 ip-172-31-21-92 kernel: acpiphp: Slot [29] registered
Mar 28 17:38:22 ip-172-31-21-92 kernel: acpiphp: Slot [30] registered
Mar 28 17:38:22 ip-172-31-21-92 kernel: acpiphp: Slot [31] registered
Mar 28 17:38:22 ip-172-31-21-92 kernel: PCI host bridge to bus 0000:00
Mar 28 17:38:22 ip-172-31-21-92 kernel: pci_bus 0000:00: root bus resource [io  0x0000-0x0cf7 window]
Mar 28 17:38:22 ip-172-31-21-92 kernel: pci_bus 0000:00: root bus resource [io  0x0d00-0xffff window]
Mar 28 17:38:22 ip-172-31-21-92 kernel: pci_bus 0000:00: root bus resource [mem 0x000a0000-0x000bffff window]
Mar 28 17:38:22 ip-172-31-21-92 kernel: pci_bus 0000:00: root bus resource [mem 0x80000000-0xfebfffff window]
Mar 28 17:38:22 ip-172-31-21-92 kernel: pci_bus 0000:00: root bus resource [mem 0x100000000-0x2000ffffffff window]
Mar 28 17:38:22 ip-172-31-21-92 kernel: pci_bus 0000:00: root bus resource [bus 00-ff]
Mar 28 17:38:22 ip-172-31-21-92 kernel: pci 0000:00:00.0: [8086:1237] type 00 class 0x060000
Mar 28 17:38:22 ip-172-31-21-92 kernel: pci 0000:00:01.0: [8086:7000] type 00 class 0x060100
Mar 28 17:38:22 ip-172-31-21-92 kernel: pci 0000:00:01.3: [8086:7113] type 00 class 0x000000
Mar 28 17:38:22 ip-172-31-21-92 kernel: pci 0000:00:01.3: quirk: [io  0xb000-0xb03f] claimed by PIIX4 ACPI
Mar 28 17:38:22 ip-172-31-21-92 kernel: pci 0000:00:01.3: PIIX4 devres E PIO at fff0-ffff
Mar 28 17:38:22 ip-172-31-21-92 kernel: pci 0000:00:01.3: PIIX4 devres F MMIO at ffc00000-ffffffff
Mar 28 17:38:22 ip-172-31-21-92 kernel: pci 0000:00:01.3: PIIX4 devres G PIO at fff0-ffff
Mar 28 17:38:22 ip-172-31-21-92 kernel: pci 0000:00:01.3: PIIX4 devres H MMIO at ffc00000-ffffffff
Mar 28 17:38:22 ip-172-31-21-92 kernel: pci 0000:00:01.3: PIIX4 devres I PIO at fff0-ffff
Mar 28 17:38:22 ip-172-31-21-92 kernel: pci 0000:00:01.3: PIIX4 devres J PIO at fff0-ffff
Mar 28 17:38:22 ip-172-31-21-92 kernel: pci 0000:00:03.0: [1d0f:1111] type 00 class 0x030000
Mar 28 17:38:22 ip-172-31-21-92 kernel: pci 0000:00:03.0: reg 0x10: [mem 0x80000000-0x803fffff pref]
Mar 28 17:38:22 ip-172-31-21-92 kernel: pci 0000:00:03.0: reg 0x30: [mem 0xffff0000-0xffffffff pref]
Mar 28 17:38:22 ip-172-31-21-92 kernel: pci 0000:00:03.0: Video device with shadowed ROM at [mem 0x000c0000-0x000dffff]
Mar 28 17:38:22 ip-172-31-21-92 kernel: pci 0000:00:04.0: [1d0f:8061] type 00 class 0x010802
Mar 28 17:38:22 ip-172-31-21-92 kernel: pci 0000:00:04.0: reg 0x10: [mem 0x80404000-0x80407fff]
Mar 28 17:38:22 ip-172-31-21-92 kernel: pci 0000:00:05.0: [1d0f:ec20] type 00 class 0x020000
Mar 28 17:38:22 ip-172-31-21-92 kernel: pci 0000:00:05.0: reg 0x10: [mem 0x80400000-0x80403fff]
Mar 28 17:38:22 ip-172-31-21-92 kernel: ACPI: PCI: Interrupt link LNKA configured for IRQ 10
Mar 28 17:38:22 ip-172-31-21-92 kernel: ACPI: PCI: Interrupt link LNKB configured for IRQ 10
Mar 28 17:38:22 ip-172-31-21-92 kernel: ACPI: PCI: Interrupt link LNKC configured for IRQ 11
Mar 28 17:38:22 ip-172-31-21-92 kernel: ACPI: PCI: Interrupt link LNKD configured for IRQ 11
Mar 28 17:38:22 ip-172-31-21-92 kernel: ACPI: PCI: Interrupt link LNKS configured for IRQ 9
Mar 28 17:38:22 ip-172-31-21-92 kernel: iommu: Default domain type: Translated 
Mar 28 17:38:22 ip-172-31-21-92 kernel: iommu: DMA domain TLB invalidation policy: lazy mode 
Mar 28 17:38:22 ip-172-31-21-92 kernel: pps_core: LinuxPPS API ver. 1 registered
Mar 28 17:38:22 ip-172-31-21-92 kernel: pps_core: Software ver. 5.3.6 - Copyright 2005-2007 Rodolfo Giometti <giometti@linux.it>
Mar 28 17:38:22 ip-172-31-21-92 kernel: PTP clock support registered
Mar 28 17:38:22 ip-172-31-21-92 kernel: EDAC MC: Ver: 3.0.0
Mar 28 17:38:22 ip-172-31-21-92 kernel: Registered efivars operations
Mar 28 17:38:22 ip-172-31-21-92 kernel: NetLabel: Initializing
Mar 28 17:38:22 ip-172-31-21-92 kernel: NetLabel:  domain hash size = 128
Mar 28 17:38:22 ip-172-31-21-92 kernel: NetLabel:  protocols = UNLABELED CIPSOv4 CALIPSO
Mar 28 17:38:22 ip-172-31-21-92 kernel: NetLabel:  unlabeled traffic allowed by default
Mar 28 17:38:22 ip-172-31-21-92 kernel: PCI: Using ACPI for IRQ routing
Mar 28 17:38:22 ip-172-31-21-92 kernel: hpet0: at MMIO 0xfed00000, IRQs 2, 8, 0, 0, 0, 0, 0, 0
Mar 28 17:38:22 ip-172-31-21-92 kernel: hpet0: 8 comparators, 32-bit 62.500000 MHz counter
Mar 28 17:38:22 ip-172-31-21-92 kernel: clocksource: Switched to clocksource kvm-clock
Mar 28 17:38:22 ip-172-31-21-92 kernel: VFS: Disk quotas dquot_6.6.0
Mar 28 17:38:22 ip-172-31-21-92 kernel: VFS: Dquot-cache hash table entries: 512 (order 0, 4096 bytes)
Mar 28 17:38:22 ip-172-31-21-92 kernel: pnp: PnP ACPI init
Mar 28 17:38:22 ip-172-31-21-92 kernel: pnp: PnP ACPI: found 5 devices
Mar 28 17:38:22 ip-172-31-21-92 kernel: clocksource: acpi_pm: mask: 0xffffff max_cycles: 0xffffff, max_idle_ns: 2085701024 ns
Mar 28 17:38:22 ip-172-31-21-92 kernel: NET: Registered PF_INET protocol family
Mar 28 17:38:22 ip-172-31-21-92 kernel: IP idents hash table entries: 16384 (order: 5, 131072 bytes, linear)
Mar 28 17:38:22 ip-172-31-21-92 kernel: tcp_listen_portaddr_hash hash table entries: 512 (order: 1, 8192 bytes, linear)
Mar 28 17:38:22 ip-172-31-21-92 kernel: Table-perturb hash table entries: 65536 (order: 6, 262144 bytes, linear)
Mar 28 17:38:22 ip-172-31-21-92 kernel: TCP established hash table entries: 8192 (order: 4, 65536 bytes, linear)
Mar 28 17:38:22 ip-172-31-21-92 kernel: TCP bind hash table entries: 8192 (order: 6, 262144 bytes, linear)
Mar 28 17:38:22 ip-172-31-21-92 kernel: TCP: Hash tables configured (established 8192 bind 8192)
Mar 28 17:38:22 ip-172-31-21-92 kernel: MPTCP token hash table entries: 1024 (order: 2, 24576 bytes, linear)
Mar 28 17:38:22 ip-172-31-21-92 kernel: UDP hash table entries: 512 (order: 2, 16384 bytes, linear)
Mar 28 17:38:22 ip-172-31-21-92 kernel: UDP-Lite hash table entries: 512 (order: 2, 16384 bytes, linear)
Mar 28 17:38:22 ip-172-31-21-92 kernel: NET: Registered PF_UNIX/PF_LOCAL protocol family
Mar 28 17:38:22 ip-172-31-21-92 kernel: NET: Registered PF_XDP protocol family
Mar 28 17:38:22 ip-172-31-21-92 kernel: pci_bus 0000:00: resource 4 [io  0x0000-0x0cf7 window]
Mar 28 17:38:22 ip-172-31-21-92 kernel: pci_bus 0000:00: resource 5 [io  0x0d00-0xffff window]
Mar 28 17:38:22 ip-172-31-21-92 kernel: pci_bus 0000:00: resource 6 [mem 0x000a0000-0x000bffff window]
Mar 28 17:38:22 ip-172-31-21-92 kernel: pci_bus 0000:00: resource 7 [mem 0x80000000-0xfebfffff window]
Mar 28 17:38:22 ip-172-31-21-92 kernel: pci_bus 0000:00: resource 8 [mem 0x100000000-0x2000ffffffff window]
Mar 28 17:38:22 ip-172-31-21-92 kernel: pci 0000:00:00.0: Limiting direct PCI/PCI transfers
Mar 28 17:38:22 ip-172-31-21-92 kernel: PCI: CLS 0 bytes, default 64
Mar 28 17:38:22 ip-172-31-21-92 kernel: Trying to unpack rootfs image as initramfs...
Mar 28 17:38:22 ip-172-31-21-92 kernel: clocksource: tsc: mask: 0xffffffffffffffff max_cycles: 0x24093d6e846, max_idle_ns: 440795249997 ns
Mar 28 17:38:22 ip-172-31-21-92 kernel: clocksource: Switched to clocksource tsc
Mar 28 17:38:22 ip-172-31-21-92 kernel: Initialise system trusted keyrings
Mar 28 17:38:22 ip-172-31-21-92 kernel: Key type blacklist registered
Mar 28 17:38:22 ip-172-31-21-92 kernel: workingset: timestamp_bits=36 max_order=18 bucket_order=0
Mar 28 17:38:22 ip-172-31-21-92 kernel: zbud: loaded
Mar 28 17:38:22 ip-172-31-21-92 kernel: SGI XFS with ACLs, security attributes, quota, no debug enabled
Mar 28 17:38:22 ip-172-31-21-92 kernel: integrity: Platform Keyring initialized
Mar 28 17:38:22 ip-172-31-21-92 kernel: Key type asymmetric registered
Mar 28 17:38:22 ip-172-31-21-92 kernel: Asymmetric key parser 'x509' registered
Mar 28 17:38:22 ip-172-31-21-92 kernel: Block layer SCSI generic (bsg) driver version 0.4 loaded (major 249)
Mar 28 17:38:22 ip-172-31-21-92 kernel: io scheduler mq-deadline registered
Mar 28 17:38:22 ip-172-31-21-92 kernel: io scheduler kyber registered
Mar 28 17:38:22 ip-172-31-21-92 kernel: io scheduler bfq registered
Mar 28 17:38:22 ip-172-31-21-92 kernel: shpchp: Standard Hot Plug PCI Controller Driver version: 0.4
Mar 28 17:38:22 ip-172-31-21-92 kernel: Serial: 8250/16550 driver, 4 ports, IRQ sharing disabled
Mar 28 17:38:22 ip-172-31-21-92 kernel: 00:04: ttyS0 at I/O 0x3f8 (irq = 4, base_baud = 115200) is a 16550A
Mar 28 17:38:22 ip-172-31-21-92 kernel: AMD-Vi: AMD IOMMUv2 functionality not available on this system - This is not a bug.
Mar 28 17:38:22 ip-172-31-21-92 kernel: nvme nvme0: pci function 0000:00:04.0
Mar 28 17:38:22 ip-172-31-21-92 kernel: rtc_cmos 00:00: RTC can wake from S4
Mar 28 17:38:22 ip-172-31-21-92 kernel: ACPI: \_SB_.LNKD: Enabled at IRQ 11
Mar 28 17:38:22 ip-172-31-21-92 kernel: rtc_cmos 00:00: registered as rtc0
Mar 28 17:38:22 ip-172-31-21-92 kernel: rtc_cmos 00:00: setting system clock to 2025-03-28T17:38:21 UTC (1743183501)
Mar 28 17:38:22 ip-172-31-21-92 kernel: rtc_cmos 00:00: alarms up to one day, 114 bytes nvram
Mar 28 17:38:22 ip-172-31-21-92 kernel: intel_pstate: CPU model not supported
Mar 28 17:38:22 ip-172-31-21-92 kernel: pstore: Registered efi as persistent store backend
Mar 28 17:38:22 ip-172-31-21-92 kernel: hid: raw HID events driver (C) Jiri Kosina
Mar 28 17:38:22 ip-172-31-21-92 kernel: NET: Registered PF_INET6 protocol family
Mar 28 17:38:22 ip-172-31-21-92 kernel: nvme nvme0: 2/0/0 default/read/poll queues
Mar 28 17:38:22 ip-172-31-21-92 kernel: nvme0n1: p1 p127 p128
Mar 28 17:38:22 ip-172-31-21-92 kernel: Freeing initrd memory: 15716K
Mar 28 17:38:22 ip-172-31-21-92 kernel: Segment Routing with IPv6
Mar 28 17:38:22 ip-172-31-21-92 kernel: In-situ OAM (IOAM) with IPv6
Mar 28 17:38:22 ip-172-31-21-92 kernel: NET: Registered PF_PACKET protocol family
Mar 28 17:38:22 ip-172-31-21-92 kernel: IPI shorthand broadcast: enabled
Mar 28 17:38:22 ip-172-31-21-92 kernel: AVX2 version of gcm_enc/dec engaged.
Mar 28 17:38:22 ip-172-31-21-92 kernel: AES CTR mode by8 optimization enabled
Mar 28 17:38:22 ip-172-31-21-92 kernel: sched_clock: Marking stable (274501121, 2991797)->(295633865, -18140947)
Mar 28 17:38:22 ip-172-31-21-92 kernel: registered taskstats version 1
Mar 28 17:38:22 ip-172-31-21-92 kernel: Loading compiled-in X.509 certificates
Mar 28 17:38:22 ip-172-31-21-92 kernel: Loaded X.509 cert 'Amazon.com: Amazon Linux Kernel Signing Key: 35270ead11b3c7a3f1d702bff839d46989280f29'
Mar 28 17:38:22 ip-172-31-21-92 kernel: zswap: loaded using pool lzo/zbud
Mar 28 17:38:22 ip-172-31-21-92 kernel: Key type .fscrypt registered
Mar 28 17:38:22 ip-172-31-21-92 kernel: Key type fscrypt-provisioning registered
Mar 28 17:38:22 ip-172-31-21-92 kernel: pstore: Using crash dump compression: deflate
Mar 28 17:38:22 ip-172-31-21-92 kernel: ima: No TPM chip found, activating TPM-bypass!
Mar 28 17:38:22 ip-172-31-21-92 kernel: ima: Allocated hash algorithm: sha256
Mar 28 17:38:22 ip-172-31-21-92 kernel: ima: No architecture policies found
Mar 28 17:38:22 ip-172-31-21-92 kernel: clk: Disabling unused clocks
Mar 28 17:38:22 ip-172-31-21-92 kernel: Freeing unused decrypted memory: 2036K
Mar 28 17:38:22 ip-172-31-21-92 kernel: Freeing unused kernel image (initmem) memory: 2436K
Mar 28 17:38:22 ip-172-31-21-92 kernel: Write protecting the kernel read-only data: 26624k
Mar 28 17:38:22 ip-172-31-21-92 kernel: Freeing unused kernel image (text/rodata gap) memory: 2036K
Mar 28 17:38:22 ip-172-31-21-92 kernel: Freeing unused kernel image (rodata/data gap) memory: 1400K
Mar 28 17:38:22 ip-172-31-21-92 kernel: Run /init as init process
Mar 28 17:38:22 ip-172-31-21-92 systemd[1]: systemd 252.23-2.amzn2023 running in system mode (+PAM +AUDIT +SELINUX -APPARMOR +IMA +SMACK +SECCOMP -GCRYPT -GNUTLS +OPENSSL +ACL +BLKID +CURL +ELFUTILS +FIDO2 +IDN2 -IDN -IPTC +KMOD +LIBCRYPTSETUP +LIBFDISK +PCRE2 +PWQUALITY +P11KIT +QRENCODE +TPM2 -BZIP2 -LZ4 +XZ -ZLIB -ZSTD +BPF_FRAMEWORK +XKBCOMMON +UTMP +SYSVINIT default-hierarchy=unified)
Mar 28 17:38:22 ip-172-31-21-92 systemd[1]: Detected virtualization amazon.
Mar 28 17:38:22 ip-172-31-21-92 systemd[1]: Detected architecture x86-64.
Mar 28 17:38:22 ip-172-31-21-92 systemd[1]: Running in initrd.
Mar 28 17:38:22 ip-172-31-21-92 systemd[1]: No hostname configured, using default hostname.
Mar 28 17:38:22 ip-172-31-21-92 systemd[1]: Hostname set to <localhost>.
Mar 28 17:38:22 ip-172-31-21-92 systemd[1]: Initializing machine ID from VM UUID.
Mar 28 17:38:22 ip-172-31-21-92 systemd[1]: Queued start job for default target initrd.target.
Mar 28 17:38:22 ip-172-31-21-92 systemd[1]: Started systemd-ask-password-console.path - Dispatch Password Requests to Console Directory Watch.
Mar 28 17:38:22 ip-172-31-21-92 systemd[1]: Expecting device dev-disk-by\x2duuid-240a5616\x2d1f83\x2d469c\x2d9e9a\x2d8889d7b416ff.device - /dev/disk/by-uuid/240a5616-1f83-469c-9e9a-8889d7b416ff...
Mar 28 17:38:22 ip-172-31-21-92 systemd[1]: Reached target initrd-usr-fs.target - Initrd /usr File System.
Mar 28 17:38:22 ip-172-31-21-92 systemd[1]: Reached target local-fs.target - Local File Systems.
Mar 28 17:38:22 ip-172-31-21-92 systemd[1]: Reached target paths.target - Path Units.
Mar 28 17:38:22 ip-172-31-21-92 systemd[1]: Reached target slices.target - Slice Units.
Mar 28 17:38:22 ip-172-31-21-92 systemd[1]: Reached target swap.target - Swaps.
Mar 28 17:38:22 ip-172-31-21-92 systemd[1]: Reached target timers.target - Timer Units.
Mar 28 17:38:22 ip-172-31-21-92 systemd[1]: Listening on systemd-journald-audit.socket - Journal Audit Socket.
Mar 28 17:38:22 ip-172-31-21-92 systemd[1]: Listening on systemd-journald-dev-log.socket - Journal Socket (/dev/log).
Mar 28 17:38:22 ip-172-31-21-92 systemd[1]: Listening on systemd-journald.socket - Journal Socket.
Mar 28 17:38:22 ip-172-31-21-92 systemd[1]: Listening on systemd-udevd-control.socket - udev Control Socket.
Mar 28 17:38:22 ip-172-31-21-92 systemd[1]: Listening on systemd-udevd-kernel.socket - udev Kernel Socket.
Mar 28 17:38:22 ip-172-31-21-92 systemd[1]: Reached target sockets.target - Socket Units.
Mar 28 17:38:22 ip-172-31-21-92 systemd[1]: kmod-static-nodes.service - Create List of Static Device Nodes was skipped because of an unmet condition check (ConditionFileNotEmpty=/lib/modules/6.1.130-139.222.amzn2023.x86_64/modules.devname).
Mar 28 17:38:22 ip-172-31-21-92 systemd[1]: Starting systemd-journald.service - Journal Service...
Mar 28 17:38:22 ip-172-31-21-92 systemd[1]: systemd-modules-load.service - Load Kernel Modules was skipped because no trigger condition checks were met.
Mar 28 17:38:22 ip-172-31-21-92 systemd[1]: Starting systemd-sysctl.service - Apply Kernel Variables...
Mar 28 17:38:22 ip-172-31-21-92 systemd[1]: Starting systemd-sysusers.service - Create System Users...
Mar 28 17:38:22 ip-172-31-21-92 systemd[1]: Starting systemd-vconsole-setup.service - Setup Virtual Console...
Mar 28 17:38:22 ip-172-31-21-92 systemd[1]: Finished systemd-vconsole-setup.service - Setup Virtual Console.
Mar 28 17:38:22 ip-172-31-21-92 systemd[1]: dracut-cmdline-ask.service - dracut ask for additional cmdline parameters was skipped because no trigger condition checks were met.
Mar 28 17:38:22 ip-172-31-21-92 systemd[1]: Starting dracut-cmdline.service - dracut cmdline hook...
Mar 28 17:38:22 ip-172-31-21-92 systemd[1]: Finished systemd-sysusers.service - Create System Users.
Mar 28 17:38:22 ip-172-31-21-92 systemd[1]: Starting systemd-tmpfiles-setup-dev.service - Create Static Device Nodes in /dev...
Mar 28 17:38:22 ip-172-31-21-92 systemd[1]: Finished systemd-tmpfiles-setup-dev.service - Create Static Device Nodes in /dev.
Mar 28 17:38:22 ip-172-31-21-92 kernel: audit: type=1130 audit(1743183502.090:2): pid=1 uid=0 auid=4294967295 ses=4294967295 subj=kernel msg='unit=systemd-tmpfiles-setup-dev comm="systemd" exe="/usr/lib/systemd/systemd" hostname=? addr=? terminal=? res=success'
Mar 28 17:38:22 ip-172-31-21-92 systemd-journald[341]: Journal started
Mar 28 17:38:22 ip-172-31-21-92 systemd-journald[341]: Runtime Journal (/run/log/journal/ec208a38f0834038c540db755da5e25c) is 2.2M, max 18.1M, 15.8M free.
Mar 28 17:38:22 ip-172-31-21-92 audit[1]: SERVICE_START pid=1 uid=0 auid=4294967295 ses=4294967295 subj=kernel msg='unit=systemd-tmpfiles-setup-dev comm="systemd" exe="/usr/lib/systemd/systemd" hostname=? addr=? terminal=? res=success'
Mar 28 17:38:22 ip-172-31-21-92 audit[1]: SERVICE_START pid=1 uid=0 auid=4294967295 ses=4294967295 subj=kernel msg='unit=systemd-journald comm="systemd" exe="/usr/lib/systemd/systemd" hostname=? addr=? terminal=? res=success'
Mar 28 17:38:22 ip-172-31-21-92 systemd-sysusers[343]: Creating group 'nobody' with GID 65534.
Mar 28 17:38:22 ip-172-31-21-92 systemd-sysusers[343]: Creating group 'users' with GID 100.
Mar 28 17:38:22 ip-172-31-21-92 systemd-sysusers[343]: Creating group 'systemd-journal' with GID 190.
Mar 28 17:38:22 ip-172-31-21-92 systemd[1]: Starting systemd-tmpfiles-setup.service - Create Volatile Files and Directories...
Mar 28 17:38:22 ip-172-31-21-92 audit[1]: SERVICE_START pid=1 uid=0 auid=4294967295 ses=4294967295 subj=kernel msg='unit=systemd-sysctl comm="systemd" exe="/usr/lib/systemd/systemd" hostname=? addr=? terminal=? res=success'
Mar 28 17:38:22 ip-172-31-21-92 systemd[1]: Finished systemd-sysctl.service - Apply Kernel Variables.
Mar 28 17:38:22 ip-172-31-21-92 systemd[1]: Started systemd-journald.service - Journal Service.
Mar 28 17:38:22 ip-172-31-21-92 kernel: audit: type=1130 audit(1743183502.100:3): pid=1 uid=0 auid=4294967295 ses=4294967295 subj=kernel msg='unit=systemd-journald comm="systemd" exe="/usr/lib/systemd/systemd" hostname=? addr=? terminal=? res=success'
Mar 28 17:38:22 ip-172-31-21-92 kernel: audit: type=1130 audit(1743183502.100:4): pid=1 uid=0 auid=4294967295 ses=4294967295 subj=kernel msg='unit=systemd-sysctl comm="systemd" exe="/usr/lib/systemd/systemd" hostname=? addr=? terminal=? res=success'
Mar 28 17:38:22 ip-172-31-21-92 dracut-cmdline[346]: dracut-102-3.amzn2023.0.1
Mar 28 17:38:22 ip-172-31-21-92 systemd-tmpfiles[356]: /usr/lib/tmpfiles.d/var.conf:14: Duplicate line for path "/var/log", ignoring.
Mar 28 17:38:22 ip-172-31-21-92 dracut-cmdline[346]: Using kernel command line parameters:    BOOT_IMAGE=(hd0,gpt1)/boot/vmlinuz-6.1.130-139.222.amzn2023.x86_64 root=UUID=240a5616-1f83-469c-9e9a-8889d7b416ff ro console=tty0 console=ttyS0,115200n8 nvme_core.io_timeout=4294967295 rd.emergency=poweroff rd.shell=0 selinux=1 security=selinux quiet
Mar 28 17:38:22 ip-172-31-21-92 systemd[1]: Finished systemd-tmpfiles-setup.service - Create Volatile Files and Directories.
Mar 28 17:38:22 ip-172-31-21-92 audit[1]: SERVICE_START pid=1 uid=0 auid=4294967295 ses=4294967295 subj=kernel msg='unit=systemd-tmpfiles-setup comm="systemd" exe="/usr/lib/systemd/systemd" hostname=? addr=? terminal=? res=success'
Mar 28 17:38:22 ip-172-31-21-92 kernel: audit: type=1130 audit(1743183502.120:5): pid=1 uid=0 auid=4294967295 ses=4294967295 subj=kernel msg='unit=systemd-tmpfiles-setup comm="systemd" exe="/usr/lib/systemd/systemd" hostname=? addr=? terminal=? res=success'
Mar 28 17:38:22 ip-172-31-21-92 systemd[1]: Finished dracut-cmdline.service - dracut cmdline hook.
Mar 28 17:38:22 ip-172-31-21-92 audit[1]: SERVICE_START pid=1 uid=0 auid=4294967295 ses=4294967295 subj=kernel msg='unit=dracut-cmdline comm="systemd" exe="/usr/lib/systemd/systemd" hostname=? addr=? terminal=? res=success'
Mar 28 17:38:22 ip-172-31-21-92 systemd[1]: dracut-pre-udev.service - dracut pre-udev hook was skipped because no trigger condition checks were met.
Mar 28 17:38:22 ip-172-31-21-92 audit: BPF prog-id=6 op=LOAD
Mar 28 17:38:22 ip-172-31-21-92 audit: BPF prog-id=7 op=LOAD
Mar 28 17:38:22 ip-172-31-21-92 kernel: audit: type=1130 audit(1743183502.150:6): pid=1 uid=0 auid=4294967295 ses=4294967295 subj=kernel msg='unit=dracut-cmdline comm="systemd" exe="/usr/lib/systemd/systemd" hostname=? addr=? terminal=? res=success'
Mar 28 17:38:22 ip-172-31-21-92 kernel: audit: type=1334 audit(1743183502.150:7): prog-id=6 op=LOAD
Mar 28 17:38:22 ip-172-31-21-92 kernel: audit: type=1334 audit(1743183502.150:8): prog-id=7 op=LOAD
Mar 28 17:38:22 ip-172-31-21-92 systemd[1]: Starting systemd-udevd.service - Rule-based Manager for Device Events and Files...
Mar 28 17:38:22 ip-172-31-21-92 systemd-udevd[405]: Using default interface naming scheme 'v252'.
Mar 28 17:38:22 ip-172-31-21-92 systemd[1]: Started systemd-udevd.service - Rule-based Manager for Device Events and Files.
Mar 28 17:38:22 ip-172-31-21-92 audit[1]: SERVICE_START pid=1 uid=0 auid=4294967295 ses=4294967295 subj=kernel msg='unit=systemd-udevd comm="systemd" exe="/usr/lib/systemd/systemd" hostname=? addr=? terminal=? res=success'
Mar 28 17:38:22 ip-172-31-21-92 kernel: audit: type=1130 audit(1743183502.190:9): pid=1 uid=0 auid=4294967295 ses=4294967295 subj=kernel msg='unit=systemd-udevd comm="systemd" exe="/usr/lib/systemd/systemd" hostname=? addr=? terminal=? res=success'
Mar 28 17:38:22 ip-172-31-21-92 systemd[1]: Starting dracut-pre-trigger.service - dracut pre-trigger hook...
Mar 28 17:38:22 ip-172-31-21-92 systemd[1]: Finished dracut-pre-trigger.service - dracut pre-trigger hook.
Mar 28 17:38:22 ip-172-31-21-92 audit[1]: SERVICE_START pid=1 uid=0 auid=4294967295 ses=4294967295 subj=kernel msg='unit=dracut-pre-trigger comm="systemd" exe="/usr/lib/systemd/systemd" hostname=? addr=? terminal=? res=success'
Mar 28 17:38:22 ip-172-31-21-92 systemd[1]: Starting systemd-udev-trigger.service - Coldplug All udev Devices...
Mar 28 17:38:22 ip-172-31-21-92 kernel: audit: type=1130 audit(1743183502.210:10): pid=1 uid=0 auid=4294967295 ses=4294967295 subj=kernel msg='unit=dracut-pre-trigger comm="systemd" exe="/usr/lib/systemd/systemd" hostname=? addr=? terminal=? res=success'
Mar 28 17:38:22 ip-172-31-21-92 audit[1]: SERVICE_START pid=1 uid=0 auid=4294967295 ses=4294967295 subj=kernel msg='unit=systemd-udev-trigger comm="systemd" exe="/usr/lib/systemd/systemd" hostname=? addr=? terminal=? res=success'
Mar 28 17:38:22 ip-172-31-21-92 systemd[1]: Finished systemd-udev-trigger.service - Coldplug All udev Devices.
Mar 28 17:38:22 ip-172-31-21-92 systemd[1]: Reached target sysinit.target - System Initialization.
Mar 28 17:38:22 ip-172-31-21-92 systemd[1]: Reached target basic.target - Basic System.
Mar 28 17:38:22 ip-172-31-21-92 systemd[1]: dracut-initqueue.service - dracut initqueue hook was skipped because no trigger condition checks were met.
Mar 28 17:38:22 ip-172-31-21-92 systemd[1]: Reached target remote-fs-pre.target - Preparation for Remote File Systems.
Mar 28 17:38:22 ip-172-31-21-92 systemd[1]: Reached target remote-fs.target - Remote File Systems.
Mar 28 17:38:22 ip-172-31-21-92 systemd[1]: dracut-pre-mount.service - dracut pre-mount hook was skipped because no trigger condition checks were met.
Mar 28 17:38:22 ip-172-31-21-92 systemd[1]: Started rngd.service - Hardware RNG Entropy Gatherer Daemon.
Mar 28 17:38:22 ip-172-31-21-92 audit[1]: SERVICE_START pid=1 uid=0 auid=4294967295 ses=4294967295 subj=kernel msg='unit=rngd comm="systemd" exe="/usr/lib/systemd/systemd" hostname=? addr=? terminal=? res=success'
Mar 28 17:38:22 ip-172-31-21-92 rngd[761]: Disabling 7: PKCS11 Entropy generator (pkcs11)
Mar 28 17:38:22 ip-172-31-21-92 rngd[761]: Disabling 5: NIST Network Entropy Beacon (nist)
Mar 28 17:38:22 ip-172-31-21-92 rngd[761]: Initializing available sources
Mar 28 17:38:22 ip-172-31-21-92 rngd[761]: [hwrng ]: Initialization Failed
Mar 28 17:38:22 ip-172-31-21-92 rngd[761]: [rdrand]: Enabling RDSEED rng support
Mar 28 17:38:22 ip-172-31-21-92 rngd[761]: [rdrand]: Initialized
Mar 28 17:38:22 ip-172-31-21-92 rngd[761]: [jitter]: Initializing AES buffer
Mar 28 17:38:22 ip-172-31-21-92 systemd[1]: Found device dev-disk-by\x2duuid-240a5616\x2d1f83\x2d469c\x2d9e9a\x2d8889d7b416ff.device - Amazon Elastic Block Store /.
Mar 28 17:38:22 ip-172-31-21-92 systemd[1]: Reached target initrd-root-device.target - Initrd Root Device.
Mar 28 17:38:23 ip-172-31-21-92 systemd[1]: Mounting sysroot.mount - /sysroot...
Mar 28 17:38:23 ip-172-31-21-92 kernel: XFS (nvme0n1p1): Mounting V5 Filesystem
Mar 28 17:38:23 ip-172-31-21-92 systemd[1]: Mounted sysroot.mount - /sysroot.
Mar 28 17:38:23 ip-172-31-21-92 kernel: XFS (nvme0n1p1): Ending clean mount
Mar 28 17:38:23 ip-172-31-21-92 systemd[1]: Reached target initrd-root-fs.target - Initrd Root File System.
Mar 28 17:38:23 ip-172-31-21-92 systemd[1]: Starting initrd-parse-etc.service - Mountpoints Configured in the Real Root...
Mar 28 17:38:23 ip-172-31-21-92 audit[1]: SERVICE_START pid=1 uid=0 auid=4294967295 ses=4294967295 subj=kernel msg='unit=initrd-parse-etc comm="systemd" exe="/usr/lib/systemd/systemd" hostname=? addr=? terminal=? res=success'
Mar 28 17:38:23 ip-172-31-21-92 audit[1]: SERVICE_STOP pid=1 uid=0 auid=4294967295 ses=4294967295 subj=kernel msg='unit=initrd-parse-etc comm="systemd" exe="/usr/lib/systemd/systemd" hostname=? addr=? terminal=? res=success'
Mar 28 17:38:23 ip-172-31-21-92 systemd[1]: initrd-parse-etc.service: Deactivated successfully.
Mar 28 17:38:23 ip-172-31-21-92 systemd[1]: Finished initrd-parse-etc.service - Mountpoints Configured in the Real Root.
Mar 28 17:38:23 ip-172-31-21-92 systemd[1]: Reached target initrd-fs.target - Initrd File Systems.
Mar 28 17:38:23 ip-172-31-21-92 systemd[1]: Reached target initrd.target - Initrd Default Target.
Mar 28 17:38:23 ip-172-31-21-92 systemd[1]: dracut-mount.service - dracut mount hook was skipped because no trigger condition checks were met.
Mar 28 17:38:23 ip-172-31-21-92 systemd[1]: dracut-pre-pivot.service - dracut pre-pivot and cleanup hook was skipped because no trigger condition checks were met.
Mar 28 17:38:23 ip-172-31-21-92 systemd[1]: Starting initrd-cleanup.service - Cleaning Up and Shutting Down Daemons...
Mar 28 17:38:23 ip-172-31-21-92 systemd[1]: initrd-cleanup.service: Deactivated successfully.
Mar 28 17:38:23 ip-172-31-21-92 systemd[1]: Finished initrd-cleanup.service - Cleaning Up and Shutting Down Daemons.
Mar 28 17:38:23 ip-172-31-21-92 audit[1]: SERVICE_START pid=1 uid=0 auid=4294967295 ses=4294967295 subj=kernel msg='unit=initrd-cleanup comm="systemd" exe="/usr/lib/systemd/systemd" hostname=? addr=? terminal=? res=success'
Mar 28 17:38:23 ip-172-31-21-92 audit[1]: SERVICE_STOP pid=1 uid=0 auid=4294967295 ses=4294967295 subj=kernel msg='unit=initrd-cleanup comm="systemd" exe="/usr/lib/systemd/systemd" hostname=? addr=? terminal=? res=success'
Mar 28 17:38:23 ip-172-31-21-92 systemd[1]: Stopped target initrd.target - Initrd Default Target.
Mar 28 17:38:23 ip-172-31-21-92 systemd[1]: Stopped target initrd-root-device.target - Initrd Root Device.
Mar 28 17:38:23 ip-172-31-21-92 systemd[1]: Stopped target initrd-usr-fs.target - Initrd /usr File System.
Mar 28 17:38:23 ip-172-31-21-92 systemd[1]: Stopped target remote-fs.target - Remote File Systems.
Mar 28 17:38:23 ip-172-31-21-92 systemd[1]: Stopped target remote-fs-pre.target - Preparation for Remote File Systems.
Mar 28 17:38:23 ip-172-31-21-92 systemd[1]: Stopped target timers.target - Timer Units.
Mar 28 17:38:23 ip-172-31-21-92 systemd[1]: dracut-cmdline.service: Deactivated successfully.
Mar 28 17:38:23 ip-172-31-21-92 systemd[1]: Stopped dracut-cmdline.service - dracut cmdline hook.
Mar 28 17:38:23 ip-172-31-21-92 audit[1]: SERVICE_STOP pid=1 uid=0 auid=4294967295 ses=4294967295 subj=kernel msg='unit=dracut-cmdline comm="systemd" exe="/usr/lib/systemd/systemd" hostname=? addr=? terminal=? res=success'
Mar 28 17:38:23 ip-172-31-21-92 systemd[1]: Stopping rngd.service - Hardware RNG Entropy Gatherer Daemon...
Mar 28 17:38:23 ip-172-31-21-92 systemd[1]: systemd-vconsole-setup.service: Deactivated successfully.
Mar 28 17:38:23 ip-172-31-21-92 systemd[1]: Stopped systemd-vconsole-setup.service - Setup Virtual Console.
Mar 28 17:38:23 ip-172-31-21-92 audit[1]: SERVICE_STOP pid=1 uid=0 auid=4294967295 ses=4294967295 subj=kernel msg='unit=systemd-vconsole-setup comm="systemd" exe="/usr/lib/systemd/systemd" hostname=? addr=? terminal=? res=success'
Mar 28 17:38:23 ip-172-31-21-92 systemd[1]: rngd.service: Deactivated successfully.
Mar 28 17:38:23 ip-172-31-21-92 systemd[1]: Stopped rngd.service - Hardware RNG Entropy Gatherer Daemon.
Mar 28 17:38:23 ip-172-31-21-92 systemd[1]: rngd.service: Consumed 1.425s CPU time.
Mar 28 17:38:23 ip-172-31-21-92 audit[1]: SERVICE_STOP pid=1 uid=0 auid=4294967295 ses=4294967295 subj=kernel msg='unit=rngd comm="systemd" exe="/usr/lib/systemd/systemd" hostname=? addr=? terminal=? res=success'
Mar 28 17:38:23 ip-172-31-21-92 systemd[1]: Stopped target basic.target - Basic System.
Mar 28 17:38:23 ip-172-31-21-92 systemd[1]: Stopped target paths.target - Path Units.
Mar 28 17:38:23 ip-172-31-21-92 systemd[1]: systemd-ask-password-console.path: Deactivated successfully.
Mar 28 17:38:23 ip-172-31-21-92 systemd[1]: Stopped systemd-ask-password-console.path - Dispatch Password Requests to Console Directory Watch.
Mar 28 17:38:23 ip-172-31-21-92 systemd[1]: Stopped target slices.target - Slice Units.
Mar 28 17:38:23 ip-172-31-21-92 systemd[1]: Stopped target sockets.target - Socket Units.
Mar 28 17:38:23 ip-172-31-21-92 systemd[1]: Stopped target sysinit.target - System Initialization.
Mar 28 17:38:23 ip-172-31-21-92 systemd[1]: Stopped target swap.target - Swaps.
Mar 28 17:38:23 ip-172-31-21-92 systemd[1]: systemd-sysctl.service: Deactivated successfully.
Mar 28 17:38:23 ip-172-31-21-92 systemd[1]: Stopped systemd-sysctl.service - Apply Kernel Variables.
Mar 28 17:38:23 ip-172-31-21-92 audit[1]: SERVICE_STOP pid=1 uid=0 auid=4294967295 ses=4294967295 subj=kernel msg='unit=systemd-sysctl comm="systemd" exe="/usr/lib/systemd/systemd" hostname=? addr=? terminal=? res=success'
Mar 28 17:38:23 ip-172-31-21-92 systemd[1]: systemd-tmpfiles-setup.service: Deactivated successfully.
Mar 28 17:38:23 ip-172-31-21-92 systemd[1]: Stopped systemd-tmpfiles-setup.service - Create Volatile Files and Directories.
Mar 28 17:38:23 ip-172-31-21-92 audit[1]: SERVICE_STOP pid=1 uid=0 auid=4294967295 ses=4294967295 subj=kernel msg='unit=systemd-tmpfiles-setup comm="systemd" exe="/usr/lib/systemd/systemd" hostname=? addr=? terminal=? res=success'
Mar 28 17:38:23 ip-172-31-21-92 systemd[1]: Stopped target local-fs.target - Local File Systems.
Mar 28 17:38:23 ip-172-31-21-92 systemd[1]: systemd-udev-trigger.service: Deactivated successfully.
Mar 28 17:38:23 ip-172-31-21-92 systemd[1]: Stopped systemd-udev-trigger.service - Coldplug All udev Devices.
Mar 28 17:38:23 ip-172-31-21-92 audit[1]: SERVICE_STOP pid=1 uid=0 auid=4294967295 ses=4294967295 subj=kernel msg='unit=systemd-udev-trigger comm="systemd" exe="/usr/lib/systemd/systemd" hostname=? addr=? terminal=? res=success'
Mar 28 17:38:23 ip-172-31-21-92 systemd[1]: dracut-pre-trigger.service: Deactivated successfully.
Mar 28 17:38:23 ip-172-31-21-92 systemd[1]: Stopped dracut-pre-trigger.service - dracut pre-trigger hook.
Mar 28 17:38:23 ip-172-31-21-92 audit[1]: SERVICE_STOP pid=1 uid=0 auid=4294967295 ses=4294967295 subj=kernel msg='unit=dracut-pre-trigger comm="systemd" exe="/usr/lib/systemd/systemd" hostname=? addr=? terminal=? res=success'
Mar 28 17:38:23 ip-172-31-21-92 systemd[1]: Stopping systemd-udevd.service - Rule-based Manager for Device Events and Files...
Mar 28 17:38:23 ip-172-31-21-92 systemd[1]: run-credentials-systemd\x2dtmpfiles\x2dsetup.service.mount: Deactivated successfully.
Mar 28 17:38:23 ip-172-31-21-92 systemd[1]: run-credentials-systemd\x2dsysctl.service.mount: Deactivated successfully.
Mar 28 17:38:23 ip-172-31-21-92 systemd[1]: systemd-udevd.service: Deactivated successfully.
Mar 28 17:38:23 ip-172-31-21-92 systemd[1]: Stopped systemd-udevd.service - Rule-based Manager for Device Events and Files.
Mar 28 17:38:23 ip-172-31-21-92 audit[1]: SERVICE_STOP pid=1 uid=0 auid=4294967295 ses=4294967295 subj=kernel msg='unit=systemd-udevd comm="systemd" exe="/usr/lib/systemd/systemd" hostname=? addr=? terminal=? res=success'
Mar 28 17:38:23 ip-172-31-21-92 systemd[1]: systemd-udevd-control.socket: Deactivated successfully.
Mar 28 17:38:23 ip-172-31-21-92 systemd[1]: Closed systemd-udevd-control.socket - udev Control Socket.
Mar 28 17:38:23 ip-172-31-21-92 systemd[1]: systemd-udevd-kernel.socket: Deactivated successfully.
Mar 28 17:38:23 ip-172-31-21-92 systemd[1]: Closed systemd-udevd-kernel.socket - udev Kernel Socket.
Mar 28 17:38:23 ip-172-31-21-92 audit[1]: SERVICE_STOP pid=1 uid=0 auid=4294967295 ses=4294967295 subj=kernel msg='unit=systemd-tmpfiles-setup-dev comm="systemd" exe="/usr/lib/systemd/systemd" hostname=? addr=? terminal=? res=success'
Mar 28 17:38:23 ip-172-31-21-92 systemd[1]: Starting initrd-udevadm-cleanup-db.service - Cleanup udev Database...
Mar 28 17:38:23 ip-172-31-21-92 systemd[1]: systemd-tmpfiles-setup-dev.service: Deactivated successfully.
Mar 28 17:38:23 ip-172-31-21-92 systemd[1]: Stopped systemd-tmpfiles-setup-dev.service - Create Static Device Nodes in /dev.
Mar 28 17:38:23 ip-172-31-21-92 systemd[1]: systemd-sysusers.service: Deactivated successfully.
Mar 28 17:38:23 ip-172-31-21-92 systemd[1]: Stopped systemd-sysusers.service - Create System Users.
Mar 28 17:38:23 ip-172-31-21-92 audit[1]: SERVICE_STOP pid=1 uid=0 auid=4294967295 ses=4294967295 subj=kernel msg='unit=systemd-sysusers comm="systemd" exe="/usr/lib/systemd/systemd" hostname=? addr=? terminal=? res=success'
Mar 28 17:38:23 ip-172-31-21-92 systemd[1]: run-credentials-systemd\x2dtmpfiles\x2dsetup\x2ddev.service.mount: Deactivated successfully.
Mar 28 17:38:23 ip-172-31-21-92 systemd[1]: run-credentials-systemd\x2dsysusers.service.mount: Deactivated successfully.
Mar 28 17:38:23 ip-172-31-21-92 systemd[1]: initrd-udevadm-cleanup-db.service: Deactivated successfully.
Mar 28 17:38:23 ip-172-31-21-92 systemd[1]: Finished initrd-udevadm-cleanup-db.service - Cleanup udev Database.
Mar 28 17:38:23 ip-172-31-21-92 audit[1]: SERVICE_START pid=1 uid=0 auid=4294967295 ses=4294967295 subj=kernel msg='unit=initrd-udevadm-cleanup-db comm="systemd" exe="/usr/lib/systemd/systemd" hostname=? addr=? terminal=? res=success'
Mar 28 17:38:23 ip-172-31-21-92 audit[1]: SERVICE_STOP pid=1 uid=0 auid=4294967295 ses=4294967295 subj=kernel msg='unit=initrd-udevadm-cleanup-db comm="systemd" exe="/usr/lib/systemd/systemd" hostname=? addr=? terminal=? res=success'
Mar 28 17:38:23 ip-172-31-21-92 systemd[1]: Reached target initrd-switch-root.target - Switch Root.
Mar 28 17:38:23 ip-172-31-21-92 systemd[1]: Starting initrd-switch-root.service - Switch Root...
Mar 28 17:38:23 ip-172-31-21-92 systemd[1]: Switching root.
Mar 28 17:38:23 ip-172-31-21-92 systemd-journald[341]: Journal stopped
Mar 28 17:38:25 ip-172-31-21-92 systemd-journald[341]: Received SIGTERM from PID 1 (systemd).
Mar 28 17:38:25 ip-172-31-21-92 kernel: SELinux:  Class user_namespace not defined in policy.
Mar 28 17:38:25 ip-172-31-21-92 kernel: SELinux: the above unknown classes and permissions will be allowed
Mar 28 17:38:25 ip-172-31-21-92 kernel: SELinux:  policy capability network_peer_controls=1
Mar 28 17:38:25 ip-172-31-21-92 kernel: SELinux:  policy capability open_perms=1
Mar 28 17:38:25 ip-172-31-21-92 kernel: SELinux:  policy capability extended_socket_class=1
Mar 28 17:38:25 ip-172-31-21-92 kernel: SELinux:  policy capability always_check_network=0
Mar 28 17:38:25 ip-172-31-21-92 kernel: SELinux:  policy capability cgroup_seclabel=1
Mar 28 17:38:25 ip-172-31-21-92 kernel: SELinux:  policy capability nnp_nosuid_transition=1
Mar 28 17:38:25 ip-172-31-21-92 kernel: SELinux:  policy capability genfs_seclabel_symlinks=1
Mar 28 17:38:25 ip-172-31-21-92 kernel: SELinux:  policy capability ioctl_skip_cloexec=0
Mar 28 17:38:25 ip-172-31-21-92 systemd[1]: Successfully loaded SELinux policy in 251.037ms.
Mar 28 17:38:25 ip-172-31-21-92 systemd[1]: Relabelled /dev, /dev/shm, /run, /sys/fs/cgroup in 25.670ms.
Mar 28 17:38:25 ip-172-31-21-92 systemd[1]: systemd 252.23-2.amzn2023 running in system mode (+PAM +AUDIT +SELINUX -APPARMOR +IMA +SMACK +SECCOMP -GCRYPT -GNUTLS +OPENSSL +ACL +BLKID +CURL +ELFUTILS +FIDO2 +IDN2 -IDN -IPTC +KMOD +LIBCRYPTSETUP +LIBFDISK +PCRE2 +PWQUALITY +P11KIT +QRENCODE +TPM2 -BZIP2 -LZ4 +XZ -ZLIB -ZSTD +BPF_FRAMEWORK +XKBCOMMON +UTMP +SYSVINIT default-hierarchy=unified)
Mar 28 17:38:25 ip-172-31-21-92 systemd[1]: Detected virtualization amazon.
Mar 28 17:38:25 ip-172-31-21-92 systemd[1]: Detected architecture x86-64.
Mar 28 17:38:25 ip-172-31-21-92 systemd[1]: Hostname set to <ip-172-31-21-92.us-east-2.compute.internal>.
Mar 28 17:38:25 ip-172-31-21-92 systemd[1]: bpf-lsm: LSM BPF program attached
Mar 28 17:38:25 ip-172-31-21-92 zram_generator::config[803]: zram0: system has too much memory (904MB), limit is 800MB, ignoring.
Mar 28 17:38:25 ip-172-31-21-92 systemd[1]: /usr/lib/systemd/system/acpid.socket:6: ListenStream= references a path below legacy directory /var/run/, updating /var/run/acpid.socket  /run/acpid.socket; please update the unit file accordingly.
Mar 28 17:38:25 ip-172-31-21-92 systemd[1]: initrd-switch-root.service: Deactivated successfully.
Mar 28 17:38:25 ip-172-31-21-92 systemd[1]: Stopped initrd-switch-root.service - Switch Root.
Mar 28 17:38:25 ip-172-31-21-92 systemd[1]: systemd-journald.service: Scheduled restart job, restart counter is at 1.
Mar 28 17:38:25 ip-172-31-21-92 systemd[1]: Created slice system-getty.slice - Slice /system/getty.
Mar 28 17:38:25 ip-172-31-21-92 systemd[1]: Created slice system-modprobe.slice - Slice /system/modprobe.
Mar 28 17:38:25 ip-172-31-21-92 systemd[1]: Created slice system-serial\x2dgetty.slice - Slice /system/serial-getty.
Mar 28 17:38:25 ip-172-31-21-92 systemd[1]: Created slice system-sshd\x2dkeygen.slice - Slice /system/sshd-keygen.
Mar 28 17:38:25 ip-172-31-21-92 systemd[1]: Created slice user.slice - User and Session Slice.
Mar 28 17:38:25 ip-172-31-21-92 systemd[1]: Started systemd-ask-password-console.path - Dispatch Password Requests to Console Directory Watch.
Mar 28 17:38:25 ip-172-31-21-92 systemd[1]: Started systemd-ask-password-wall.path - Forward Password Requests to Wall Directory Watch.
Mar 28 17:38:25 ip-172-31-21-92 systemd[1]: Set up automount proc-sys-fs-binfmt_misc.automount - Arbitrary Executable File Formats File System Automount Point.
Mar 28 17:38:25 ip-172-31-21-92 systemd[1]: Expecting device dev-ttyS0.device - /dev/ttyS0...
Mar 28 17:38:25 ip-172-31-21-92 systemd[1]: Reached target aws-eb.target.
Mar 28 17:38:25 ip-172-31-21-92 systemd[1]: Reached target cryptsetup.target - Local Encrypted Volumes.
Mar 28 17:38:25 ip-172-31-21-92 systemd[1]: Stopped target initrd-switch-root.target - Switch Root.
Mar 28 17:38:25 ip-172-31-21-92 systemd[1]: Stopped target initrd-fs.target - Initrd File Systems.
Mar 28 17:38:25 ip-172-31-21-92 systemd[1]: Stopped target initrd-root-fs.target - Initrd Root File System.
Mar 28 17:38:25 ip-172-31-21-92 systemd[1]: Reached target integritysetup.target - Local Integrity Protected Volumes.
Mar 28 17:38:25 ip-172-31-21-92 systemd[1]: Reached target paths.target - Path Units.
Mar 28 17:38:25 ip-172-31-21-92 systemd[1]: Reached target slices.target - Slice Units.
Mar 28 17:38:25 ip-172-31-21-92 systemd[1]: Reached target swap.target - Swaps.
Mar 28 17:38:25 ip-172-31-21-92 systemd[1]: Reached target veritysetup.target - Local Verity Protected Volumes.
Mar 28 17:38:25 ip-172-31-21-92 systemd[1]: Listening on systemd-coredump.socket - Process Core Dump Socket.
Mar 28 17:38:25 ip-172-31-21-92 systemd[1]: Listening on systemd-initctl.socket - initctl Compatibility Named Pipe.
Mar 28 17:38:25 ip-172-31-21-92 systemd[1]: Listening on systemd-networkd.socket - Network Service Netlink Socket.
Mar 28 17:38:25 ip-172-31-21-92 systemd[1]: Listening on systemd-udevd-control.socket - udev Control Socket.
Mar 28 17:38:25 ip-172-31-21-92 systemd[1]: Listening on systemd-udevd-kernel.socket - udev Kernel Socket.
Mar 28 17:38:25 ip-172-31-21-92 systemd[1]: Listening on systemd-userdbd.socket - User Database Manager Socket.
Mar 28 17:38:25 ip-172-31-21-92 systemd[1]: Mounting dev-hugepages.mount - Huge Pages File System...
Mar 28 17:38:25 ip-172-31-21-92 systemd[1]: Mounting dev-mqueue.mount - POSIX Message Queue File System...
Mar 28 17:38:25 ip-172-31-21-92 systemd[1]: Mounting sys-kernel-debug.mount - Kernel Debug File System...
Mar 28 17:38:25 ip-172-31-21-92 systemd[1]: Mounting sys-kernel-tracing.mount - Kernel Trace File System...
Mar 28 17:38:25 ip-172-31-21-92 systemd[1]: Mounting tmp.mount - Temporary Directory /tmp...
Mar 28 17:38:25 ip-172-31-21-92 systemd[1]: auth-rpcgss-module.service - Kernel Module supporting RPCSEC_GSS was skipped because of an unmet condition check (ConditionPathExists=/etc/krb5.keytab).
Mar 28 17:38:25 ip-172-31-21-92 systemd[1]: Starting kmod-static-nodes.service - Create List of Static Device Nodes...
Mar 28 17:38:25 ip-172-31-21-92 systemd[1]: Starting modprobe@configfs.service - Load Kernel Module configfs...
Mar 28 17:38:25 ip-172-31-21-92 systemd[1]: Starting modprobe@dm_mod.service - Load Kernel Module dm_mod...
Mar 28 17:38:25 ip-172-31-21-92 systemd[1]: Starting modprobe@drm.service - Load Kernel Module drm...
Mar 28 17:38:25 ip-172-31-21-92 systemd[1]: Starting modprobe@efi_pstore.service - Load Kernel Module efi_pstore...
Mar 28 17:38:25 ip-172-31-21-92 systemd[1]: Starting modprobe@fuse.service - Load Kernel Module fuse...
Mar 28 17:38:25 ip-172-31-21-92 systemd[1]: Starting modprobe@loop.service - Load Kernel Module loop...
Mar 28 17:38:25 ip-172-31-21-92 systemd[1]: Starting nfs-convert.service - Preprocess NFS configuration convertion...
Mar 28 17:38:25 ip-172-31-21-92 systemd[1]: Starting systemd-fsck-root.service - File System Check on Root Device...
Mar 28 17:38:25 ip-172-31-21-92 systemd[1]: Stopped systemd-journald.service - Journal Service.
Mar 28 17:38:25 ip-172-31-21-92 systemd[1]: Starting systemd-journald.service - Journal Service...
Mar 28 17:38:25 ip-172-31-21-92 systemd[1]: systemd-modules-load.service - Load Kernel Modules was skipped because no trigger condition checks were met.
Mar 28 17:38:25 ip-172-31-21-92 systemd[1]: Starting systemd-network-generator.service - Generate network units from Kernel command line...
Mar 28 17:38:25 ip-172-31-21-92 systemd[1]: Starting systemd-sysctl.service - Apply Kernel Variables...
Mar 28 17:38:25 ip-172-31-21-92 systemd[1]: Starting systemd-udev-trigger.service - Coldplug All udev Devices...
Mar 28 17:38:25 ip-172-31-21-92 systemd[1]: Mounted dev-hugepages.mount - Huge Pages File System.
Mar 28 17:38:25 ip-172-31-21-92 systemd[1]: Mounted dev-mqueue.mount - POSIX Message Queue File System.
Mar 28 17:38:25 ip-172-31-21-92 systemd[1]: Mounted sys-kernel-debug.mount - Kernel Debug File System.
Mar 28 17:38:25 ip-172-31-21-92 systemd[1]: Mounted sys-kernel-tracing.mount - Kernel Trace File System.
Mar 28 17:38:25 ip-172-31-21-92 systemd[1]: Mounted tmp.mount - Temporary Directory /tmp.
Mar 28 17:38:25 ip-172-31-21-92 kernel: fuse: init (API version 7.38)
Mar 28 17:38:25 ip-172-31-21-92 kernel: device-mapper: core: CONFIG_IMA_DISABLE_HTABLE is disabled. Duplicate IMA measurements will not be recorded in the IMA log.
Mar 28 17:38:25 ip-172-31-21-92 kernel: device-mapper: uevent: version 1.0.3
Mar 28 17:38:25 ip-172-31-21-92 kernel: device-mapper: ioctl: 4.47.0-ioctl (2022-07-28) initialised: dm-devel@redhat.com
Mar 28 17:38:25 ip-172-31-21-92 systemd[1]: Finished kmod-static-nodes.service - Create List of Static Device Nodes.
Mar 28 17:38:25 ip-172-31-21-92 systemd[1]: modprobe@configfs.service: Deactivated successfully.
Mar 28 17:38:25 ip-172-31-21-92 systemd[1]: Finished modprobe@configfs.service - Load Kernel Module configfs.
Mar 28 17:38:25 ip-172-31-21-92 systemd[1]: modprobe@dm_mod.service: Deactivated successfully.
Mar 28 17:38:25 ip-172-31-21-92 systemd-journald[825]: Journal started
Mar 28 17:38:25 ip-172-31-21-92 systemd-journald[825]: Runtime Journal (/run/log/journal/ec233a567b9ff868071f28dd62266f67) is 2.2M, max 18.1M, 15.8M free.
Mar 28 17:38:25 ip-172-31-21-92 audit: MAC_POLICY_LOAD auid=4294967295 ses=4294967295 lsm=selinux res=1
Mar 28 17:38:25 ip-172-31-21-92 audit: BPF prog-id=8 op=LOAD
Mar 28 17:38:25 ip-172-31-21-92 audit: BPF prog-id=8 op=UNLOAD
Mar 28 17:38:25 ip-172-31-21-92 audit: BPF prog-id=9 op=LOAD
Mar 28 17:38:25 ip-172-31-21-92 audit: BPF prog-id=9 op=UNLOAD
Mar 28 17:38:25 ip-172-31-21-92 audit: BPF prog-id=10 op=LOAD
Mar 28 17:38:25 ip-172-31-21-92 audit: BPF prog-id=10 op=UNLOAD
Mar 28 17:38:25 ip-172-31-21-92 audit: BPF prog-id=11 op=LOAD
Mar 28 17:38:25 ip-172-31-21-92 audit: BPF prog-id=11 op=UNLOAD
Mar 28 17:38:25 ip-172-31-21-92 audit: BPF prog-id=12 op=LOAD
Mar 28 17:38:25 ip-172-31-21-92 audit: BPF prog-id=12 op=UNLOAD
Mar 28 17:38:25 ip-172-31-21-92 audit: BPF prog-id=13 op=LOAD
Mar 28 17:38:25 ip-172-31-21-92 audit: BPF prog-id=13 op=UNLOAD
Mar 28 17:38:25 ip-172-31-21-92 audit: BPF prog-id=14 op=LOAD
Mar 28 17:38:25 ip-172-31-21-92 audit: BPF prog-id=15 op=LOAD
Mar 28 17:38:25 ip-172-31-21-92 audit: BPF prog-id=14 op=UNLOAD
Mar 28 17:38:25 ip-172-31-21-92 audit: BPF prog-id=15 op=UNLOAD
Mar 28 17:38:25 ip-172-31-21-92 audit: BPF prog-id=16 op=LOAD
Mar 28 17:38:25 ip-172-31-21-92 audit: BPF prog-id=16 op=UNLOAD
Mar 28 17:38:25 ip-172-31-21-92 audit: BPF prog-id=17 op=LOAD
Mar 28 17:38:25 ip-172-31-21-92 audit: BPF prog-id=17 op=UNLOAD
Mar 28 17:38:25 ip-172-31-21-92 audit: BPF prog-id=18 op=LOAD
Mar 28 17:38:25 ip-172-31-21-92 audit: BPF prog-id=18 op=UNLOAD
Mar 28 17:38:25 ip-172-31-21-92 audit: BPF prog-id=19 op=LOAD
Mar 28 17:38:25 ip-172-31-21-92 audit: BPF prog-id=19 op=UNLOAD
Mar 28 17:38:25 ip-172-31-21-92 audit: BPF prog-id=20 op=LOAD
Mar 28 17:38:25 ip-172-31-21-92 audit: BPF prog-id=21 op=LOAD
Mar 28 17:38:25 ip-172-31-21-92 audit: BPF prog-id=21 op=UNLOAD
Mar 28 17:38:25 ip-172-31-21-92 audit: BPF prog-id=22 op=LOAD
Mar 28 17:38:25 ip-172-31-21-92 audit: BPF prog-id=20 op=UNLOAD
Mar 28 17:38:25 ip-172-31-21-92 audit: BPF prog-id=22 op=UNLOAD
Mar 28 17:38:25 ip-172-31-21-92 audit: BPF prog-id=23 op=LOAD
Mar 28 17:38:25 ip-172-31-21-92 audit: BPF prog-id=23 op=UNLOAD
Mar 28 17:38:25 ip-172-31-21-92 audit: BPF prog-id=24 op=LOAD
Mar 28 17:38:25 ip-172-31-21-92 audit: BPF prog-id=24 op=UNLOAD
Mar 28 17:38:25 ip-172-31-21-92 audit: BPF prog-id=25 op=LOAD
Mar 28 17:38:25 ip-172-31-21-92 audit: BPF prog-id=25 op=UNLOAD
Mar 28 17:38:25 ip-172-31-21-92 audit: BPF prog-id=26 op=LOAD
Mar 28 17:38:25 ip-172-31-21-92 audit: BPF prog-id=26 op=UNLOAD
Mar 28 17:38:25 ip-172-31-21-92 audit: BPF prog-id=27 op=LOAD
Mar 28 17:38:25 ip-172-31-21-92 audit: BPF prog-id=28 op=LOAD
Mar 28 17:38:25 ip-172-31-21-92 audit: BPF prog-id=3 op=UNLOAD
Mar 28 17:38:25 ip-172-31-21-92 audit: BPF prog-id=29 op=LOAD
Mar 28 17:38:25 ip-172-31-21-92 audit: BPF prog-id=30 op=LOAD
Mar 28 17:38:25 ip-172-31-21-92 audit: BPF prog-id=4 op=UNLOAD
Mar 28 17:38:25 ip-172-31-21-92 audit: BPF prog-id=5 op=UNLOAD
Mar 28 17:38:25 ip-172-31-21-92 audit: BPF prog-id=31 op=LOAD
Mar 28 17:38:25 ip-172-31-21-92 audit: BPF prog-id=28 op=UNLOAD
Mar 28 17:38:25 ip-172-31-21-92 audit: BPF prog-id=32 op=LOAD
Mar 28 17:38:25 ip-172-31-21-92 audit: BPF prog-id=33 op=LOAD
Mar 28 17:38:25 ip-172-31-21-92 audit: BPF prog-id=29 op=UNLOAD
Mar 28 17:38:25 ip-172-31-21-92 audit: BPF prog-id=30 op=UNLOAD
Mar 28 17:38:25 ip-172-31-21-92 audit[1]: SERVICE_STOP pid=1 uid=0 auid=4294967295 ses=4294967295 subj=system_u:system_r:init_t:s0 msg='unit=systemd-journald comm="systemd" exe="/usr/lib/systemd/systemd" hostname=? addr=? terminal=? res=success'
Mar 28 17:38:25 ip-172-31-21-92 audit: BPF prog-id=31 op=UNLOAD
Mar 28 17:38:25 ip-172-31-21-92 audit[1]: SERVICE_START pid=1 uid=0 auid=4294967295 ses=4294967295 subj=system_u:system_r:init_t:s0 msg='unit=initrd-switch-root comm="systemd" exe="/usr/lib/systemd/systemd" hostname=? addr=? terminal=? res=success'
Mar 28 17:38:25 ip-172-31-21-92 audit[1]: SERVICE_STOP pid=1 uid=0 auid=4294967295 ses=4294967295 subj=system_u:system_r:init_t:s0 msg='unit=initrd-switch-root comm="systemd" exe="/usr/lib/systemd/systemd" hostname=? addr=? terminal=? res=success'
Mar 28 17:38:25 ip-172-31-21-92 audit[1]: SERVICE_START pid=1 uid=0 auid=4294967295 ses=4294967295 subj=system_u:system_r:init_t:s0 msg='unit=systemd-journald comm="systemd" exe="/usr/lib/systemd/systemd" hostname=? addr=? terminal=? res=success'
Mar 28 17:38:25 ip-172-31-21-92 audit[1]: SERVICE_STOP pid=1 uid=0 auid=4294967295 ses=4294967295 subj=system_u:system_r:init_t:s0 msg='unit=systemd-journald comm="systemd" exe="/usr/lib/systemd/systemd" hostname=? addr=? terminal=? res=success'
Mar 28 17:38:25 ip-172-31-21-92 audit: BPF prog-id=34 op=LOAD
Mar 28 17:38:25 ip-172-31-21-92 audit: BPF prog-id=35 op=LOAD
Mar 28 17:38:25 ip-172-31-21-92 audit: BPF prog-id=36 op=LOAD
Mar 28 17:38:25 ip-172-31-21-92 audit: BPF prog-id=33 op=UNLOAD
Mar 28 17:38:25 ip-172-31-21-92 audit: BPF prog-id=32 op=UNLOAD
Mar 28 17:38:25 ip-172-31-21-92 audit: CONFIG_CHANGE op=set audit_enabled=1 old=1 auid=4294967295 ses=4294967295 subj=system_u:system_r:syslogd_t:s0 res=1
Mar 28 17:38:25 ip-172-31-21-92 audit[825]: SYSCALL arch=c000003e syscall=46 success=yes exit=60 a0=5 a1=7ffc1e9cf5e0 a2=4000 a3=7ffc1e9cf66c items=0 ppid=1 pid=825 auid=4294967295 uid=0 gid=0 euid=0 suid=0 fsuid=0 egid=0 sgid=0 fsgid=0 tty=(none) ses=4294967295 comm="systemd-journal" exe="/usr/lib/systemd/systemd-journald" subj=system_u:system_r:syslogd_t:s0 key=(null)
Mar 28 17:38:25 ip-172-31-21-92 audit: PROCTITLE proctitle="/usr/lib/systemd/systemd-journald"
Mar 28 17:38:25 ip-172-31-21-92 audit[1]: SERVICE_START pid=1 uid=0 auid=4294967295 ses=4294967295 subj=system_u:system_r:init_t:s0 msg='unit=kmod-static-nodes comm="systemd" exe="/usr/lib/systemd/systemd" hostname=? addr=? terminal=? res=success'
Mar 28 17:38:25 ip-172-31-21-92 audit[1]: SERVICE_START pid=1 uid=0 auid=4294967295 ses=4294967295 subj=system_u:system_r:init_t:s0 msg='unit=modprobe@configfs comm="systemd" exe="/usr/lib/systemd/systemd" hostname=? addr=? terminal=? res=success'
Mar 28 17:38:25 ip-172-31-21-92 audit[1]: SERVICE_STOP pid=1 uid=0 auid=4294967295 ses=4294967295 subj=system_u:system_r:init_t:s0 msg='unit=modprobe@configfs comm="systemd" exe="/usr/lib/systemd/systemd" hostname=? addr=? terminal=? res=success'
Mar 28 17:38:25 ip-172-31-21-92 systemd[1]: Queued start job for default target graphical.target.
Mar 28 17:38:25 ip-172-31-21-92 systemd[1]: systemd-journald.service: Deactivated successfully.
Mar 28 17:38:25 ip-172-31-21-92 kernel: loop: module loaded
Mar 28 17:38:25 ip-172-31-21-92 systemd-fsck[836]: /usr/sbin/fsck.xfs: XFS file system.
Mar 28 17:38:25 ip-172-31-21-92 audit[1]: SERVICE_START pid=1 uid=0 auid=4294967295 ses=4294967295 subj=system_u:system_r:init_t:s0 msg='unit=modprobe@dm_mod comm="systemd" exe="/usr/lib/systemd/systemd" hostname=? addr=? terminal=? res=success'
Mar 28 17:38:25 ip-172-31-21-92 audit[1]: SERVICE_STOP pid=1 uid=0 auid=4294967295 ses=4294967295 subj=system_u:system_r:init_t:s0 msg='unit=modprobe@dm_mod comm="systemd" exe="/usr/lib/systemd/systemd" hostname=? addr=? terminal=? res=success'
Mar 28 17:38:25 ip-172-31-21-92 audit[1]: SERVICE_START pid=1 uid=0 auid=4294967295 ses=4294967295 subj=system_u:system_r:init_t:s0 msg='unit=systemd-journald comm="systemd" exe="/usr/lib/systemd/systemd" hostname=? addr=? terminal=? res=success'
Mar 28 17:38:25 ip-172-31-21-92 systemd[1]: modprobe@drm.service: Deactivated successfully.
Mar 28 17:38:25 ip-172-31-21-92 systemd[1]: Finished modprobe@dm_mod.service - Load Kernel Module dm_mod.
Mar 28 17:38:25 ip-172-31-21-92 systemd[1]: Started systemd-journald.service - Journal Service.
Mar 28 17:38:25 ip-172-31-21-92 systemd[1]: Finished modprobe@drm.service - Load Kernel Module drm.
Mar 28 17:38:25 ip-172-31-21-92 audit[1]: SERVICE_START pid=1 uid=0 auid=4294967295 ses=4294967295 subj=system_u:system_r:init_t:s0 msg='unit=modprobe@drm comm="systemd" exe="/usr/lib/systemd/systemd" hostname=? addr=? terminal=? res=success'
Mar 28 17:38:25 ip-172-31-21-92 audit[1]: SERVICE_STOP pid=1 uid=0 auid=4294967295 ses=4294967295 subj=system_u:system_r:init_t:s0 msg='unit=modprobe@drm comm="systemd" exe="/usr/lib/systemd/systemd" hostname=? addr=? terminal=? res=success'
Mar 28 17:38:25 ip-172-31-21-92 systemd[1]: modprobe@efi_pstore.service: Deactivated successfully.
Mar 28 17:38:25 ip-172-31-21-92 systemd[1]: Finished modprobe@efi_pstore.service - Load Kernel Module efi_pstore.
Mar 28 17:38:25 ip-172-31-21-92 audit[1]: SERVICE_START pid=1 uid=0 auid=4294967295 ses=4294967295 subj=system_u:system_r:init_t:s0 msg='unit=modprobe@efi_pstore comm="systemd" exe="/usr/lib/systemd/systemd" hostname=? addr=? terminal=? res=success'
Mar 28 17:38:25 ip-172-31-21-92 audit[1]: SERVICE_STOP pid=1 uid=0 auid=4294967295 ses=4294967295 subj=system_u:system_r:init_t:s0 msg='unit=modprobe@efi_pstore comm="systemd" exe="/usr/lib/systemd/systemd" hostname=? addr=? terminal=? res=success'
Mar 28 17:38:25 ip-172-31-21-92 systemd[1]: modprobe@fuse.service: Deactivated successfully.
Mar 28 17:38:25 ip-172-31-21-92 systemd[1]: Finished modprobe@fuse.service - Load Kernel Module fuse.
Mar 28 17:38:25 ip-172-31-21-92 audit[1]: SERVICE_START pid=1 uid=0 auid=4294967295 ses=4294967295 subj=system_u:system_r:init_t:s0 msg='unit=modprobe@fuse comm="systemd" exe="/usr/lib/systemd/systemd" hostname=? addr=? terminal=? res=success'
Mar 28 17:38:25 ip-172-31-21-92 audit[1]: SERVICE_STOP pid=1 uid=0 auid=4294967295 ses=4294967295 subj=system_u:system_r:init_t:s0 msg='unit=modprobe@fuse comm="systemd" exe="/usr/lib/systemd/systemd" hostname=? addr=? terminal=? res=success'
Mar 28 17:38:25 ip-172-31-21-92 systemd[1]: modprobe@loop.service: Deactivated successfully.
Mar 28 17:38:25 ip-172-31-21-92 systemd[1]: Finished modprobe@loop.service - Load Kernel Module loop.
Mar 28 17:38:25 ip-172-31-21-92 audit[1]: SERVICE_START pid=1 uid=0 auid=4294967295 ses=4294967295 subj=system_u:system_r:init_t:s0 msg='unit=modprobe@loop comm="systemd" exe="/usr/lib/systemd/systemd" hostname=? addr=? terminal=? res=success'
Mar 28 17:38:25 ip-172-31-21-92 audit[1]: SERVICE_STOP pid=1 uid=0 auid=4294967295 ses=4294967295 subj=system_u:system_r:init_t:s0 msg='unit=modprobe@loop comm="systemd" exe="/usr/lib/systemd/systemd" hostname=? addr=? terminal=? res=success'
Mar 28 17:38:25 ip-172-31-21-92 systemd[1]: nfs-convert.service: Deactivated successfully.
Mar 28 17:38:25 ip-172-31-21-92 systemd[1]: Finished nfs-convert.service - Preprocess NFS configuration convertion.
Mar 28 17:38:25 ip-172-31-21-92 audit[1]: SERVICE_START pid=1 uid=0 auid=4294967295 ses=4294967295 subj=system_u:system_r:init_t:s0 msg='unit=nfs-convert comm="systemd" exe="/usr/lib/systemd/systemd" hostname=? addr=? terminal=? res=success'
Mar 28 17:38:25 ip-172-31-21-92 audit[1]: SERVICE_STOP pid=1 uid=0 auid=4294967295 ses=4294967295 subj=system_u:system_r:init_t:s0 msg='unit=nfs-convert comm="systemd" exe="/usr/lib/systemd/systemd" hostname=? addr=? terminal=? res=success'
Mar 28 17:38:25 ip-172-31-21-92 systemd[1]: Finished systemd-fsck-root.service - File System Check on Root Device.
Mar 28 17:38:25 ip-172-31-21-92 audit[1]: SERVICE_START pid=1 uid=0 auid=4294967295 ses=4294967295 subj=system_u:system_r:init_t:s0 msg='unit=systemd-fsck-root comm="systemd" exe="/usr/lib/systemd/systemd" hostname=? addr=? terminal=? res=success'
Mar 28 17:38:25 ip-172-31-21-92 systemd[1]: Finished systemd-network-generator.service - Generate network units from Kernel command line.
Mar 28 17:38:25 ip-172-31-21-92 audit[1]: SERVICE_START pid=1 uid=0 auid=4294967295 ses=4294967295 subj=system_u:system_r:init_t:s0 msg='unit=systemd-network-generator comm="systemd" exe="/usr/lib/systemd/systemd" hostname=? addr=? terminal=? res=success'
Mar 28 17:38:25 ip-172-31-21-92 systemd[1]: Finished systemd-sysctl.service - Apply Kernel Variables.
Mar 28 17:38:25 ip-172-31-21-92 audit[1]: SERVICE_START pid=1 uid=0 auid=4294967295 ses=4294967295 subj=system_u:system_r:init_t:s0 msg='unit=systemd-sysctl comm="systemd" exe="/usr/lib/systemd/systemd" hostname=? addr=? terminal=? res=success'
Mar 28 17:38:25 ip-172-31-21-92 systemd[1]: Finished systemd-udev-trigger.service - Coldplug All udev Devices.
Mar 28 17:38:25 ip-172-31-21-92 audit[1]: SERVICE_START pid=1 uid=0 auid=4294967295 ses=4294967295 subj=system_u:system_r:init_t:s0 msg='unit=systemd-udev-trigger comm="systemd" exe="/usr/lib/systemd/systemd" hostname=? addr=? terminal=? res=success'
Mar 28 17:38:25 ip-172-31-21-92 systemd[1]: Mounting sys-fs-fuse-connections.mount - FUSE Control File System...
Mar 28 17:38:25 ip-172-31-21-92 systemd[1]: Mounting sys-kernel-config.mount - Kernel Configuration File System...
Mar 28 17:38:25 ip-172-31-21-92 systemd[1]: Starting systemd-remount-fs.service - Remount Root and Kernel File Systems...
Mar 28 17:38:25 ip-172-31-21-92 systemd[1]: systemd-repart.service - Repartition Root Disk was skipped because no trigger condition checks were met.
Mar 28 17:38:25 ip-172-31-21-92 systemd[1]: Mounted sys-fs-fuse-connections.mount - FUSE Control File System.
Mar 28 17:38:25 ip-172-31-21-92 systemd[1]: Mounted sys-kernel-config.mount - Kernel Configuration File System.
Mar 28 17:38:26 ip-172-31-21-92 systemd[1]: Finished systemd-remount-fs.service - Remount Root and Kernel File Systems.
Mar 28 17:38:26 ip-172-31-21-92 audit[1]: SERVICE_START pid=1 uid=0 auid=4294967295 ses=4294967295 subj=system_u:system_r:init_t:s0 msg='unit=systemd-remount-fs comm="systemd" exe="/usr/lib/systemd/systemd" hostname=? addr=? terminal=? res=success'
Mar 28 17:38:26 ip-172-31-21-92 systemd[1]: systemd-firstboot.service - First Boot Wizard was skipped because of an unmet condition check (ConditionFirstBoot=yes).
Mar 28 17:38:26 ip-172-31-21-92 systemd[1]: systemd-hwdb-update.service - Rebuild Hardware Database was skipped because of an unmet condition check (ConditionNeedsUpdate=/etc).
Mar 28 17:38:26 ip-172-31-21-92 systemd[1]: Starting systemd-journal-flush.service - Flush Journal to Persistent Storage...
Mar 28 17:38:26 ip-172-31-21-92 systemd[1]: systemd-pstore.service - Platform Persistent Storage Archival was skipped because of an unmet condition check (ConditionDirectoryNotEmpty=/sys/fs/pstore).
Mar 28 17:38:26 ip-172-31-21-92 systemd[1]: Starting systemd-random-seed.service - Load/Save Random Seed...
Mar 28 17:38:26 ip-172-31-21-92 systemd[1]: systemd-sysusers.service - Create System Users was skipped because no trigger condition checks were met.
Mar 28 17:38:26 ip-172-31-21-92 systemd[1]: Starting systemd-tmpfiles-setup-dev.service - Create Static Device Nodes in /dev...
Mar 28 17:38:26 ip-172-31-21-92 systemd-journald[825]: Runtime Journal (/run/log/journal/ec233a567b9ff868071f28dd62266f67) is 2.2M, max 18.1M, 15.8M free.
Mar 28 17:38:26 ip-172-31-21-92 systemd-journald[825]: Received client request to flush runtime journal.
Mar 28 17:38:26 ip-172-31-21-92 systemd[1]: Finished systemd-journal-flush.service - Flush Journal to Persistent Storage.
Mar 28 17:38:26 ip-172-31-21-92 audit[1]: SERVICE_START pid=1 uid=0 auid=4294967295 ses=4294967295 subj=system_u:system_r:init_t:s0 msg='unit=systemd-journal-flush comm="systemd" exe="/usr/lib/systemd/systemd" hostname=? addr=? terminal=? res=success'
Mar 28 17:38:26 ip-172-31-21-92 systemd[1]: Finished systemd-random-seed.service - Load/Save Random Seed.
Mar 28 17:38:26 ip-172-31-21-92 audit[1]: SERVICE_START pid=1 uid=0 auid=4294967295 ses=4294967295 subj=system_u:system_r:init_t:s0 msg='unit=systemd-random-seed comm="systemd" exe="/usr/lib/systemd/systemd" hostname=? addr=? terminal=? res=success'
Mar 28 17:38:26 ip-172-31-21-92 systemd[1]: first-boot-complete.target - First Boot Complete was skipped because of an unmet condition check (ConditionFirstBoot=yes).
Mar 28 17:38:26 ip-172-31-21-92 systemd[1]: Finished systemd-tmpfiles-setup-dev.service - Create Static Device Nodes in /dev.
Mar 28 17:38:26 ip-172-31-21-92 audit[1]: SERVICE_START pid=1 uid=0 auid=4294967295 ses=4294967295 subj=system_u:system_r:init_t:s0 msg='unit=systemd-tmpfiles-setup-dev comm="systemd" exe="/usr/lib/systemd/systemd" hostname=? addr=? terminal=? res=success'
Mar 28 17:38:26 ip-172-31-21-92 systemd[1]: Reached target local-fs-pre.target - Preparation for Local File Systems.
Mar 28 17:38:26 ip-172-31-21-92 systemd[1]: Set up automount boot-efi.automount.
Mar 28 17:38:26 ip-172-31-21-92 systemd[1]: Reached target local-fs.target - Local File Systems.
Mar 28 17:38:26 ip-172-31-21-92 systemd[1]: import-state.service - Import network configuration from initramfs was skipped because of an unmet condition check (ConditionDirectoryNotEmpty=/run/initramfs/state).
Mar 28 17:38:26 ip-172-31-21-92 systemd[1]: ldconfig.service - Rebuild Dynamic Linker Cache was skipped because no trigger condition checks were met.
Mar 28 17:38:26 ip-172-31-21-92 systemd[1]: selinux-autorelabel-mark.service - Mark the need to relabel after reboot was skipped because of an unmet condition check (ConditionSecurity=!selinux).
Mar 28 17:38:26 ip-172-31-21-92 systemd[1]: systemd-binfmt.service - Set Up Additional Binary Formats was skipped because no trigger condition checks were met.
Mar 28 17:38:26 ip-172-31-21-92 systemd[1]: systemd-boot-system-token.service - Store a System Token in an EFI Variable was skipped because of an unmet condition check (ConditionPathExists=/sys/firmware/efi/efivars/LoaderFeatures-4a67b082-0a4c-41cf-b6c7-440b29bb8c4f).
Mar 28 17:38:26 ip-172-31-21-92 systemd[1]: Starting systemd-boot-update.service - Automatic Boot Loader Update...
Mar 28 17:38:26 ip-172-31-21-92 systemd[1]: systemd-machine-id-commit.service - Commit a transient machine-id on disk was skipped because of an unmet condition check (ConditionPathIsMountPoint=/etc/machine-id).
Mar 28 17:38:26 ip-172-31-21-92 audit: BPF prog-id=37 op=LOAD
Mar 28 17:38:26 ip-172-31-21-92 audit: BPF prog-id=38 op=LOAD
Mar 28 17:38:26 ip-172-31-21-92 audit: BPF prog-id=6 op=UNLOAD
Mar 28 17:38:26 ip-172-31-21-92 audit: BPF prog-id=7 op=UNLOAD
Mar 28 17:38:26 ip-172-31-21-92 systemd[1]: Starting systemd-tmpfiles-setup.service - Create Volatile Files and Directories...
Mar 28 17:38:26 ip-172-31-21-92 systemd[1]: Starting systemd-udevd.service - Rule-based Manager for Device Events and Files...
Mar 28 17:38:26 ip-172-31-21-92 systemd[1]: boot-efi.automount: Got automount request for /boot/efi, triggered by 1216 (bootctl)
Mar 28 17:38:26 ip-172-31-21-92 systemd[1]: Created slice system-systemd\x2dfsck.slice - Slice /system/systemd-fsck.
Mar 28 17:38:26 ip-172-31-21-92 systemd[1]: Expecting device dev-disk-by\x2duuid-3E53\x2d275F.device - /dev/disk/by-uuid/3E53-275F...
Mar 28 17:38:26 ip-172-31-21-92 systemd-udevd[1219]: Using default interface naming scheme 'v252'.
Mar 28 17:38:26 ip-172-31-21-92 systemd[1]: Started systemd-udevd.service - Rule-based Manager for Device Events and Files.
Mar 28 17:38:26 ip-172-31-21-92 audit[1]: SERVICE_START pid=1 uid=0 auid=4294967295 ses=4294967295 subj=system_u:system_r:init_t:s0 msg='unit=systemd-udevd comm="systemd" exe="/usr/lib/systemd/systemd" hostname=? addr=? terminal=? res=success'
Mar 28 17:38:26 ip-172-31-21-92 systemd[1]: Condition check resulted in dev-ttyS0.device - /dev/ttyS0 being skipped.
Mar 28 17:38:26 ip-172-31-21-92 systemd[1]: Finished systemd-tmpfiles-setup.service - Create Volatile Files and Directories.
Mar 28 17:38:26 ip-172-31-21-92 audit[1]: SERVICE_START pid=1 uid=0 auid=4294967295 ses=4294967295 subj=system_u:system_r:init_t:s0 msg='unit=systemd-tmpfiles-setup comm="systemd" exe="/usr/lib/systemd/systemd" hostname=? addr=? terminal=? res=success'
Mar 28 17:38:26 ip-172-31-21-92 audit: BPF prog-id=39 op=LOAD
Mar 28 17:38:26 ip-172-31-21-92 systemd[1]: Mounting var-lib-nfs-rpc_pipefs.mount - RPC Pipe File System...
Mar 28 17:38:26 ip-172-31-21-92 systemd[1]: Starting auditd.service - Security Auditing Service...
Mar 28 17:38:26 ip-172-31-21-92 systemd[1]: systemd-journal-catalog-update.service - Rebuild Journal Catalog was skipped because of an unmet condition check (ConditionNeedsUpdate=/var).
Mar 28 17:38:26 ip-172-31-21-92 systemd[1]: Starting systemd-resolved.service - Network Name Resolution...
Mar 28 17:38:26 ip-172-31-21-92 kernel: input: Power Button as /devices/LNXSYSTM:00/LNXPWRBN:00/input/input0
Mar 28 17:38:26 ip-172-31-21-92 kernel: RPC: Registered named UNIX socket transport module.
Mar 28 17:38:26 ip-172-31-21-92 kernel: RPC: Registered udp transport module.
Mar 28 17:38:26 ip-172-31-21-92 kernel: RPC: Registered tcp transport module.
Mar 28 17:38:26 ip-172-31-21-92 kernel: RPC: Registered tcp NFSv4.1 backchannel transport module.
Mar 28 17:38:26 ip-172-31-21-92 systemd[1]: Mounted var-lib-nfs-rpc_pipefs.mount - RPC Pipe File System.
Mar 28 17:38:26 ip-172-31-21-92 systemd[1]: Reached target rpc_pipefs.target.
Mar 28 17:38:26 ip-172-31-21-92 kernel: ena 0000:00:05.0: Elastic Network Adapter (ENA) v2.13.2g
Mar 28 17:38:26 ip-172-31-21-92 kernel: ACPI: button: Power Button [PWRF]
Mar 28 17:38:26 ip-172-31-21-92 kernel: input: Sleep Button as /devices/LNXSYSTM:00/LNXSLPBN:00/input/input1
Mar 28 17:38:26 ip-172-31-21-92 kernel: ACPI: button: Sleep Button [SLPF]
Mar 28 17:38:26 ip-172-31-21-92 kernel: kauditd_printk_skb: 115 callbacks suppressed
Mar 28 17:38:26 ip-172-31-21-92 kernel: audit: type=1400 audit(1743183506.480:124): avc:  denied  { setattr } for  pid=1252 comm="auditd" name="audit" dev="nvme0n1p1" ino=2644356 scontext=system_u:system_r:auditd_t:s0 tcontext=system_u:object_r:var_log_t:s0 tclass=dir permissive=1
Mar 28 17:38:26 ip-172-31-21-92 kernel: audit: type=1300 audit(1743183506.480:124): arch=c000003e syscall=90 success=yes exit=0 a0=55678d925990 a1=1c0 a2=55678d92599e a3=1a4 items=0 ppid=1232 pid=1252 auid=4294967295 uid=0 gid=0 euid=0 suid=0 fsuid=0 egid=0 sgid=0 fsgid=0 tty=(none) ses=4294967295 comm="auditd" exe="/usr/sbin/auditd" subj=system_u:system_r:auditd_t:s0 key=(null)
Mar 28 17:38:26 ip-172-31-21-92 kernel: ena 0000:00:05.0: ENA device version: 0.10
Mar 28 17:38:26 ip-172-31-21-92 kernel: audit: type=1327 audit(1743183506.480:124): proctitle="/sbin/auditd"
Mar 28 17:38:26 ip-172-31-21-92 kernel: ena 0000:00:05.0: ENA controller version: 0.0.1 implementation version 1
Mar 28 17:38:26 ip-172-31-21-92 kernel: audit: type=1400 audit(1743183506.490:125): avc:  denied  { create } for  pid=1252 comm="auditd" name="audit.log" scontext=system_u:system_r:auditd_t:s0 tcontext=system_u:object_r:var_log_t:s0 tclass=file permissive=1
Mar 28 17:38:26 ip-172-31-21-92 kernel: audit: type=1400 audit(1743183506.490:125): avc:  denied  { read open } for  pid=1252 comm="auditd" path="/var/log/audit/audit.log" dev="nvme0n1p1" ino=2644369 scontext=system_u:system_r:auditd_t:s0 tcontext=system_u:object_r:var_log_t:s0 tclass=file permissive=1
Mar 28 17:38:26 ip-172-31-21-92 kernel: audit: type=1300 audit(1743183506.490:125): arch=c000003e syscall=257 success=yes exit=5 a0=ffffff9c a1=55678d925900 a2=4c0 a3=1a0 items=4 ppid=1232 pid=1252 auid=4294967295 uid=0 gid=0 euid=0 suid=0 fsuid=0 egid=0 sgid=0 fsgid=0 tty=(none) ses=4294967295 comm="auditd" exe="/usr/sbin/auditd" subj=system_u:system_r:auditd_t:s0 key=(null)
Mar 28 17:38:26 ip-172-31-21-92 kernel: audit: type=1307 audit(1743183506.490:125): cwd="/"
Mar 28 17:38:26 ip-172-31-21-92 kernel: audit: type=1302 audit(1743183506.490:125): item=0 name=(null) inode=2644356 dev=103:01 mode=040700 ouid=0 ogid=0 rdev=00:00 obj=system_u:object_r:var_log_t:s0 nametype=PARENT cap_fp=0 cap_fi=0 cap_fe=0 cap_fver=0 cap_frootid=0
Mar 28 17:38:26 ip-172-31-21-92 kernel: audit: type=1302 audit(1743183506.490:125): item=1 name=(null) nametype=CREATE cap_fp=0 cap_fi=0 cap_fe=0 cap_fver=0 cap_frootid=0
Mar 28 17:38:26 ip-172-31-21-92 kernel: audit: type=1302 audit(1743183506.490:125): item=2 name=(null) inode=2644356 dev=103:01 mode=040700 ouid=0 ogid=0 rdev=00:00 obj=system_u:object_r:var_log_t:s0 nametype=PARENT cap_fp=0 cap_fi=0 cap_fe=0 cap_fver=0 cap_frootid=0
Mar 28 17:38:26 ip-172-31-21-92 kernel: i8042: PNP: PS/2 Controller [PNP0303:KBD,PNP0f13:MOU] at 0x60,0x64 irq 1,12
Mar 28 17:38:26 ip-172-31-21-92 kernel: i8042: Warning: Keylock active
Mar 28 17:38:26 ip-172-31-21-92 kernel: serio: i8042 KBD port at 0x60,0x64 irq 1
Mar 28 17:38:26 ip-172-31-21-92 kernel: serio: i8042 AUX port at 0x60,0x64 irq 12
Mar 28 17:38:26 ip-172-31-21-92 kernel: ena 0000:00:05.0: LLQ is not supported Fallback to host mode policy.
Mar 28 17:38:26 ip-172-31-21-92 kernel: ena 0000:00:05.0: Elastic Network Adapter (ENA) found at mem 80400000, mac addr 0a:d6:66:bd:ce:d3
Mar 28 17:38:26 ip-172-31-21-92 audit[1252]: AVC avc:  denied  { setattr } for  pid=1252 comm="auditd" name="audit" dev="nvme0n1p1" ino=2644356 scontext=system_u:system_r:auditd_t:s0 tcontext=system_u:object_r:var_log_t:s0 tclass=dir permissive=1
Mar 28 17:38:26 ip-172-31-21-92 audit[1252]: SYSCALL arch=c000003e syscall=90 success=yes exit=0 a0=55678d925990 a1=1c0 a2=55678d92599e a3=1a4 items=0 ppid=1232 pid=1252 auid=4294967295 uid=0 gid=0 euid=0 suid=0 fsuid=0 egid=0 sgid=0 fsgid=0 tty=(none) ses=4294967295 comm="auditd" exe="/usr/sbin/auditd" subj=system_u:system_r:auditd_t:s0 key=(null)
Mar 28 17:38:26 ip-172-31-21-92 audit: PROCTITLE proctitle="/sbin/auditd"
Mar 28 17:38:26 ip-172-31-21-92 audit[1252]: AVC avc:  denied  { create } for  pid=1252 comm="auditd" name="audit.log" scontext=system_u:system_r:auditd_t:s0 tcontext=system_u:object_r:var_log_t:s0 tclass=file permissive=1
Mar 28 17:38:26 ip-172-31-21-92 audit[1252]: AVC avc:  denied  { read open } for  pid=1252 comm="auditd" path="/var/log/audit/audit.log" dev="nvme0n1p1" ino=2644369 scontext=system_u:system_r:auditd_t:s0 tcontext=system_u:object_r:var_log_t:s0 tclass=file permissive=1
Mar 28 17:38:26 ip-172-31-21-92 audit[1252]: SYSCALL arch=c000003e syscall=257 success=yes exit=5 a0=ffffff9c a1=55678d925900 a2=4c0 a3=1a0 items=4 ppid=1232 pid=1252 auid=4294967295 uid=0 gid=0 euid=0 suid=0 fsuid=0 egid=0 sgid=0 fsgid=0 tty=(none) ses=4294967295 comm="auditd" exe="/usr/sbin/auditd" subj=system_u:system_r:auditd_t:s0 key=(null)
Mar 28 17:38:26 ip-172-31-21-92 audit: CWD cwd="/"
Mar 28 17:38:26 ip-172-31-21-92 audit: PATH item=0 name=(null) inode=2644356 dev=103:01 mode=040700 ouid=0 ogid=0 rdev=00:00 obj=system_u:object_r:var_log_t:s0 nametype=PARENT cap_fp=0 cap_fi=0 cap_fe=0 cap_fver=0 cap_frootid=0
Mar 28 17:38:26 ip-172-31-21-92 audit: PATH item=1 name=(null) nametype=CREATE cap_fp=0 cap_fi=0 cap_fe=0 cap_fver=0 cap_frootid=0
Mar 28 17:38:26 ip-172-31-21-92 audit: PATH item=2 name=(null) inode=2644356 dev=103:01 mode=040700 ouid=0 ogid=0 rdev=00:00 obj=system_u:object_r:var_log_t:s0 nametype=PARENT cap_fp=0 cap_fi=0 cap_fe=0 cap_fver=0 cap_frootid=0
Mar 28 17:38:26 ip-172-31-21-92 audit: PATH item=3 name=(null) inode=2644369 dev=103:01 mode=0100640 ouid=0 ogid=0 rdev=00:00 obj=system_u:object_r:var_log_t:s0 nametype=CREATE cap_fp=0 cap_fi=0 cap_fe=0 cap_fver=0 cap_frootid=0
Mar 28 17:38:26 ip-172-31-21-92 audit: PROCTITLE proctitle="/sbin/auditd"
Mar 28 17:38:26 ip-172-31-21-92 audit[1252]: AVC avc:  denied  { setattr } for  pid=1252 comm="auditd" name="audit.log" dev="nvme0n1p1" ino=2644369 scontext=system_u:system_r:auditd_t:s0 tcontext=system_u:object_r:var_log_t:s0 tclass=file permissive=1
Mar 28 17:38:26 ip-172-31-21-92 audit[1252]: SYSCALL arch=c000003e syscall=91 success=yes exit=0 a0=5 a1=180 a2=0 a3=0 items=0 ppid=1232 pid=1252 auid=4294967295 uid=0 gid=0 euid=0 suid=0 fsuid=0 egid=0 sgid=0 fsgid=0 tty=(none) ses=4294967295 comm="auditd" exe="/usr/sbin/auditd" subj=system_u:system_r:auditd_t:s0 key=(null)
Mar 28 17:38:26 ip-172-31-21-92 audit: PROCTITLE proctitle="/sbin/auditd"
Mar 28 17:38:26 ip-172-31-21-92 audit: CONFIG_CHANGE op=set audit_enabled=1 old=1 auid=4294967295 ses=4294967295 subj=system_u:system_r:auditd_t:s0 res=1
Mar 28 17:38:26 ip-172-31-21-92 audit[1252]: SYSCALL arch=c000003e syscall=44 success=yes exit=60 a0=3 a1=7ffed0ecc2f0 a2=3c a3=0 items=0 ppid=1232 pid=1252 auid=4294967295 uid=0 gid=0 euid=0 suid=0 fsuid=0 egid=0 sgid=0 fsgid=0 tty=(none) ses=4294967295 comm="auditd" exe="/usr/sbin/auditd" subj=system_u:system_r:auditd_t:s0 key=(null)
Mar 28 17:38:26 ip-172-31-21-92 audit: PROCTITLE proctitle="/sbin/auditd"
Mar 28 17:38:26 ip-172-31-21-92 audit: CONFIG_CHANGE op=set audit_pid=1252 old=0 auid=4294967295 ses=4294967295 subj=system_u:system_r:auditd_t:s0 res=1
Mar 28 17:38:26 ip-172-31-21-92 audit[1252]: SYSCALL arch=c000003e syscall=44 success=yes exit=60 a0=3 a1=7ffed0ec9fa0 a2=3c a3=0 items=0 ppid=1232 pid=1252 auid=4294967295 uid=0 gid=0 euid=0 suid=0 fsuid=0 egid=0 sgid=0 fsgid=0 tty=(none) ses=4294967295 comm="auditd" exe="/usr/sbin/auditd" subj=system_u:system_r:auditd_t:s0 key=(null)
Mar 28 17:38:26 ip-172-31-21-92 audit: PROCTITLE proctitle="/sbin/auditd"
Mar 28 17:38:26 ip-172-31-21-92 auditd[1252]: No plugins found, not dispatching events
Mar 28 17:38:26 ip-172-31-21-92 systemd-resolved[1234]: Positive Trust Anchors:
Mar 28 17:38:26 ip-172-31-21-92 auditd[1252]: Init complete, auditd 3.0.6 listening for events (startup state enable)
Mar 28 17:38:26 ip-172-31-21-92 systemd-resolved[1234]: . IN DS 20326 8 2 e06d44b80b8f1d39a95c0b0d7c65d08458e880409bbc683457104237c7f8ec8d
Mar 28 17:38:26 ip-172-31-21-92 systemd-resolved[1234]: Negative trust anchors: home.arpa 10.in-addr.arpa 16.172.in-addr.arpa 17.172.in-addr.arpa 18.172.in-addr.arpa 19.172.in-addr.arpa 20.172.in-addr.arpa 21.172.in-addr.arpa 22.172.in-addr.arpa 23.172.in-addr.arpa 24.172.in-addr.arpa 25.172.in-addr.arpa 26.172.in-addr.arpa 27.172.in-addr.arpa 28.172.in-addr.arpa 29.172.in-addr.arpa 30.172.in-addr.arpa 31.172.in-addr.arpa 168.192.in-addr.arpa d.f.ip6.arpa corp home internal intranet lan local private test
Mar 28 17:38:26 ip-172-31-21-92 augenrules[1264]: /sbin/augenrules: No change
Mar 28 17:38:26 ip-172-31-21-92 audit: CONFIG_CHANGE auid=4294967295 ses=4294967295 subj=system_u:system_r:unconfined_service_t:s0 op=add_rule key=(null) list=1 res=1
Mar 28 17:38:26 ip-172-31-21-92 audit[1305]: SYSCALL arch=c000003e syscall=44 success=yes exit=1056 a0=3 a1=7ffef097c950 a2=420 a3=0 items=0 ppid=1264 pid=1305 auid=4294967295 uid=0 gid=0 euid=0 suid=0 fsuid=0 egid=0 sgid=0 fsgid=0 tty=(none) ses=4294967295 comm="auditctl" exe="/usr/sbin/auditctl" subj=system_u:system_r:unconfined_service_t:s0 key=(null)
Mar 28 17:38:26 ip-172-31-21-92 audit: PROCTITLE proctitle=2F7362696E2F617564697463746C002D52002F6574632F61756469742F61756469742E72756C6573
Mar 28 17:38:26 ip-172-31-21-92 augenrules[1305]: No rules
Mar 28 17:38:26 ip-172-31-21-92 systemd[1]: Started auditd.service - Security Auditing Service.
Mar 28 17:38:26 ip-172-31-21-92 audit[1]: SERVICE_START pid=1 uid=0 auid=4294967295 ses=4294967295 subj=system_u:system_r:init_t:s0 msg='unit=auditd comm="systemd" exe="/usr/lib/systemd/systemd" hostname=? addr=? terminal=? res=success'
Mar 28 17:38:26 ip-172-31-21-92 systemd-resolved[1234]: Using system hostname 'ip-172-31-21-92.us-east-2.compute.internal'.
Mar 28 17:38:26 ip-172-31-21-92 systemd[1]: Starting systemd-update-utmp.service - Record System Boot/Shutdown in UTMP...
Mar 28 17:38:26 ip-172-31-21-92 systemd[1]: Started systemd-resolved.service - Network Name Resolution.
